Component: ARM Compiler 5.06 update 3 (build 300) Tool: armlink [4d35c9]

==============================================================================

Section Cross References

    application.o(.text) refers to stm32f4xx_gpio.o(.text) for GPIO_ToggleBits
    application.o(.text) refers to thread.o(.text) for rt_thread_create
    application.o(.text) refers to platform.o(.text) for rt_platform_init
    startup.o(.text) refers to kservice.o(.text) for rt_kprintf
    startup.o(.text) refers to board.o(.text) for rt_hw_board_init
    startup.o(.text) refers to clock.o(.text) for rt_system_tick_init
    startup.o(.text) refers to object.o(.text) for rt_system_object_init
    startup.o(.text) refers to timer.o(.text) for rt_system_timer_init
    startup.o(.text) refers to mem.o(.text) for rt_system_heap_init
    startup.o(.text) refers to scheduler.o(.text) for rt_system_scheduler_init
    startup.o(.text) refers to application.o(.text) for rt_application_init
    startup.o(.text) refers to shell.o(.text) for finsh_system_init
    startup.o(.text) refers to idle.o(.text) for rt_thread_idle_init
    startup.o(.text) refers to context_rvds.o(.text) for rt_hw_interrupt_disable
    board.o(.text) refers to misc.o(.text) for NVIC_SetVectorTable
    board.o(.text) refers to stm32f4xx_rcc.o(.text) for RCC_GetClocksFreq
    board.o(.text) refers to irq.o(.text) for rt_interrupt_enter
    board.o(.text) refers to clock.o(.text) for rt_tick_increase
    board.o(.text) refers to usart.o(.text) for stm32_hw_usart_init
    board.o(.text) refers to gpio.o(.text) for stm32_hw_pin_init
    board.o(.text) refers to kservice.o(.text) for rt_console_set_device
    usart.o(.text) refers to kservice.o(.text) for rt_assert_handler
    usart.o(.text) refers to stm32f4xx_usart.o(.text) for USART_Init
    usart.o(.text) refers to stm32f4xx_dma.o(.text) for DMA_DeInit
    usart.o(.text) refers to stm32f4xx_rcc.o(.text) for RCC_AHB1PeriphClockCmd
    usart.o(.text) refers to misc.o(.text) for NVIC_Init
    usart.o(.text) refers to context_rvds.o(.text) for rt_hw_interrupt_disable
    usart.o(.text) refers to serial.o(.text) for rt_hw_serial_isr
    usart.o(.text) refers to irq.o(.text) for rt_interrupt_enter
    usart.o(.text) refers to usart.o(.constdata) for __FUNCTION__
    usart.o(.text) refers to usart.o(.bss) for serial1
    usart.o(.text) refers to stm32f4xx_gpio.o(.text) for GPIO_Init
    usart.o(.text) refers to usart.o(.data) for uart1
    usart.o(.constdata) refers to usart.o(.text) for stm32_configure
    platform.o(.text) refers to stm32f4xx_rcc.o(.text) for RCC_AHB1PeriphClockCmd
    platform.o(.text) refers to stm32f4xx_gpio.o(.text) for GPIO_Init
    platform.o(.text) refers to stm32f4xx_fsmc.o(.text) for FSMC_NORSRAMInit
    platform.o(.text) refers to stm32f4xx_dac.o(.text) for DAC_Init
    platform.o(.text) refers to lcd_r61529.o(.text) for r61529_read_id
    platform.o(.text) refers to kservice.o(.text) for rt_kprintf
    fan_control.o(.text) refers to stm32f4xx_dac.o(.text) for DAC_SetChannel1Data
    fan_control.o(.text) refers to atof.o(i.__hardfp_atof) for __hardfp_atof
    fan_control.o(.text) refers to d2f.o(.text) for __aeabi_d2f
    fan_control.o(FSymTab) refers to fan_control.o(.rodata.name) for __fsym___cmd_fsp_name
    fan_control.o(FSymTab) refers to fan_control.o(.text) for cmd_fan_speed_set
    gpio.o(.text) refers to stm32f4xx_gpio.o(.text) for GPIO_ResetBits
    gpio.o(.text) refers to stm32f4xx_rcc.o(.text) for RCC_AHB1PeriphClockCmd
    gpio.o(.text) refers to pin.o(.text) for rt_device_pin_register
    gpio.o(.text) refers to gpio.o(.constdata) for pins
    gpio.o(.constdata) refers to gpio.o(.text) for stm32_pin_mode
    lcd_r61529.o(.text) refers to thread.o(.text) for rt_thread_delay
    lcd_r61529.o(.text) refers to lcd_r61529.o(.data) for lcd_height
    lcd_r61529.o(.text) refers to lcd_r61529.o(.constdata) for gImage_s
    system_stm32f4xx.o(.text) refers to system_stm32f4xx.o(.data) for SystemCoreClock
    misc.o(.text) refers to startup.o(.text) for assert_failed
    stm32f4xx_adc.o(.text) refers to stm32f4xx_rcc.o(.text) for RCC_APB2PeriphResetCmd
    stm32f4xx_adc.o(.text) refers to startup.o(.text) for assert_failed
    stm32f4xx_can.o(.text) refers to startup.o(.text) for assert_failed
    stm32f4xx_can.o(.text) refers to stm32f4xx_rcc.o(.text) for RCC_APB1PeriphResetCmd
    stm32f4xx_cryp.o(.text) refers to stm32f4xx_rcc.o(.text) for RCC_AHB2PeriphResetCmd
    stm32f4xx_cryp.o(.text) refers to startup.o(.text) for assert_failed
    stm32f4xx_cryp_aes.o(.text) refers to stm32f4xx_cryp.o(.text) for CRYP_KeyStructInit
    stm32f4xx_cryp_des.o(.text) refers to stm32f4xx_cryp.o(.text) for CRYP_KeyStructInit
    stm32f4xx_cryp_tdes.o(.text) refers to stm32f4xx_cryp.o(.text) for CRYP_KeyStructInit
    stm32f4xx_dac.o(.text) refers to stm32f4xx_rcc.o(.text) for RCC_APB1PeriphResetCmd
    stm32f4xx_dac.o(.text) refers to startup.o(.text) for assert_failed
[...]
    __FUNCTION__                             0x08059450   Data          15  serial.o(.constdata)
    __FUNCTION__                             0x0805945f   Data          15  serial.o(.constdata)
    __FUNCTION__                             0x0805946e   Data          15  serial.o(.constdata)
    __FUNCTION__                             0x0805947d   Data          16  serial.o(.constdata)
    __FUNCTION__                             0x0805948d   Data          15  serial.o(.constdata)
    __FUNCTION__                             0x0805949c   Data          16  serial.o(.constdata)
    __FUNCTION__                             0x080594ac   Data          18  serial.o(.constdata)
    __FUNCTION__                             0x080594be   Data          22  serial.o(.constdata)
    __FUNCTION__                             0x080594d4   Data          17  serial.o(.constdata)
    .constdata                               0x080594e5   Section       57  completion.o(.constdata)
    __FUNCTION__                             0x080594e5   Data          19  completion.o(.constdata)
    __FUNCTION__                             0x080594f8   Data          19  completion.o(.constdata)
    __FUNCTION__                             0x0805950b   Data          19  completion.o(.constdata)
    .constdata                               0x0805951e   Section       75  dataqueue.o(.constdata)
    __FUNCTION__                             0x0805951e   Data          19  dataqueue.o(.constdata)
    __FUNCTION__                             0x08059531   Data          19  dataqueue.o(.constdata)
    __FUNCTION__                             0x08059544   Data          18  dataqueue.o(.constdata)
    __FUNCTION__                             0x08059556   Data          19  dataqueue.o(.constdata)
    .constdata                               0x08059569   Section       96  shell.o(.constdata)
    __FUNCTION__                             0x08059569   Data          13  shell.o(.constdata)
    __FUNCTION__                             0x08059576   Data          17  shell.o(.constdata)
    __FUNCTION__                             0x08059587   Data          17  shell.o(.constdata)
    __FUNCTION__                             0x08059598   Data          15  shell.o(.constdata)
    __FUNCTION__                             0x080595a7   Data          15  shell.o(.constdata)
    __FUNCTION__                             0x080595b6   Data          19  shell.o(.constdata)
    .constdata                               0x080595cc   Section       80  cmd.o(.constdata)
    .constdata                               0x0805961c   Section       14  msh.o(.constdata)
    __FUNCTION__                             0x0805961c   Data          14  msh.o(.constdata)
    .constdata                               0x0805962a   Section       64  ctype_c.o(.constdata)
    .conststring                             0x0805966c   Section      237  mem.o(.conststring)
    .conststring                             0x0805975c   Section      349  cmd.o(.conststring)
    .rodata.name                             0x080598b9   Section       30  fan_control.o(.rodata.name)
    .rodata.name                             0x080598d7   Section       39  mem.o(.rodata.name)
    .rodata.name                             0x080598fe   Section      105  pin.o(.rodata.name)
    .rodata.name                             0x08059967   Section      815  cmd.o(.rodata.name)
    .rodata.name                             0x08059c96   Section       33  msh.o(.rodata.name)
    .rodata.name                             0x08059cb7   Section      123  msh_cmd.o(.rodata.name)
    FSymTab                                  0x08059d34   Section       12  fan_control.o(FSymTab)
    FSymTab                                  0x08059d40   Section       12  mem.o(FSymTab)
    FSymTab                                  0x08059d4c   Section       36  pin.o(FSymTab)
    FSymTab                                  0x08059d70   Section      264  cmd.o(FSymTab)
    FSymTab                                  0x08059e78   Section       12  msh.o(FSymTab)
    FSymTab                                  0x08059e84   Section       36  msh_cmd.o(FSymTab)
    .data                                    0x20000000   Section       96  usart.o(.data)
    .data                                    0x20000060   Section        4  lcd_r61529.o(.data)
    lcd_width                                0x20000060   Data           2  lcd_r61529.o(.data)
    lcd_height                               0x20000062   Data           2  lcd_r61529.o(.data)
    .data                                    0x20000064   Section       20  system_stm32f4xx.o(.data)
    .data                                    0x20000078   Section       16  stm32f4xx_rcc.o(.data)
    APBAHBPrescTable                         0x20000078   Data          16  stm32f4xx_rcc.o(.data)
    .data                                    0x20000088   Section        4  clock.o(.data)
    rt_tick                                  0x20000088   Data           4  clock.o(.data)
    .data                                    0x2000008c   Section        4  idle.o(.data)
    rt_thread_idle_hook                      0x2000008c   Data           4  idle.o(.data)
    .data                                    0x20000090   Section        9  irq.o(.data)
    rt_interrupt_enter_hook                  0x20000090   Data           4  irq.o(.data)
    rt_interrupt_leave_hook                  0x20000094   Data           4  irq.o(.data)
    .data                                    0x2000009c   Section       12  kservice.o(.data)
    _errno                                   0x2000009c   Data           4  kservice.o(.data)
    _console_device                          0x200000a0   Data           4  kservice.o(.data)
    .data                                    0x200000a8   Section       32  mem.o(.data)
    rt_malloc_hook                           0x200000a8   Data           4  mem.o(.data)
    rt_free_hook                             0x200000ac   Data           4  mem.o(.data)
    heap_ptr                                 0x200000b0   Data           4  mem.o(.data)
    heap_end                                 0x200000b4   Data           4  mem.o(.data)
    lfree                                    0x200000b8   Data           4  mem.o(.data)
    mem_size_aligned                         0x200000bc   Data           4  mem.o(.data)
    used_mem                                 0x200000c0   Data           4  mem.o(.data)
    max_mem                                  0x200000c4   Data           4  mem.o(.data)
    .data                                    0x200000c8   Section      164  object.o(.data)
    rt_object_attach_hook                    0x20000158   Data           4  object.o(.data)
    rt_object_detach_hook                    0x2000015c   Data           4  object.o(.data)
    .data                                    0x2000016c   Section       28  scheduler.o(.data)
    rt_scheduler_lock_nest                   0x2000016c   Data           2  scheduler.o(.data)
    rt_scheduler_hook                        0x20000184   Data           4  scheduler.o(.data)
    .data                                    0x20000188   Section       12  thread.o(.data)
    rt_thread_suspend_hook                   0x20000188   Data           4  thread.o(.data)
    rt_thread_resume_hook                    0x2000018c   Data           4  thread.o(.data)
    rt_thread_inited_hook                    0x20000190   Data           4  thread.o(.data)
    .data                                    0x20000194   Section       16  timer.o(.data)
    rt_timer_list                            0x20000194   Data           8  timer.o(.data)
    rt_timer_timeout_hook                    0x2000019c   Data           4  timer.o(.data)
    random_nr                                0x200001a0   Data           4  timer.o(.data)
    .data                                    0x200001a4   Section       16  cpuport.o(.data)
    rt_exception_hook                        0x200001b0   Data           4  cpuport.o(.data)
    .data                                    0x200001b4   Section        4  shell.o(.data)
    .data                                    0x200001b8   Section       16  symbol.o(.data)
    .data                                    0x200001c8   Section        4  errno.o(.data)
    _errno                                   0x200001c8   Data           4  errno.o(.data)
    .bss                                     0x200001cc   Section      252  usart.o(.bss)
    .bss                                     0x200002c8   Section     1152  idle.o(.bss)
    idle                                     0x200002c8   Data         128  idle.o(.bss)
    rt_thread_stack                          0x20000348   Data        1024  idle.o(.bss)
    .bss                                     0x20000748   Section      128  kservice.o(.bss)
    rt_log_buf                               0x20000748   Data         128  kservice.o(.bss)
    .bss                                     0x200007c8   Section       32  mem.o(.bss)
    heap_sem                                 0x200007c8   Data          32  mem.o(.bss)
    .bss                                     0x200007e8   Section      256  scheduler.o(.bss)
    .bss                                     0x200008e8   Section       68  pin.o(.bss)
    _hw_pin                                  0x200008e8   Data          68  pin.o(.bss)
    .bss                                     0x2000092c   Section     2305  shell.o(.bss)
    finsh_thread                             0x2000092c   Data         128  shell.o(.bss)
    finsh_thread_stack                       0x200009ac   Data        2048  shell.o(.bss)
    finsh_prompt                             0x200011ac   Data         129  shell.o(.bss)
    STACK                                    0x20001230   Section     1024  startup_stm32f4xx.o(STACK)

    Global Symbols

    Symbol Name                              Value     Ov Type        Size  Object(Section)

    BuildAttributes$$THM_ISAv4$E$P$D$K$B$S$7EM$VFPi3$EXTD16$VFPS$VFMA$PE$A:L22UL41UL21$X:L11$S22US41US21$IEEE1$IW$USESV6$~STKCKD$USESV7$~SHL$OTIME$ROPI$IEEEJ$EBA8$MICROLIB$REQ8$PRES8$EABIv2 0x00000000   Number         0  anon$$obj.o ABSOLUTE
    __ARM_use_no_argv                        0x00000000   Number         0  startup.o ABSOLUTE
    __cpp_initialize__aeabi_                  - Undefined Weak Reference
    __cxa_finalize                            - Undefined Weak Reference
    _clock_init                               - Undefined Weak Reference
    _microlib_exit                            - Undefined Weak Reference
    __Vectors_Size                           0x00000188   Number         0  startup_stm32f4xx.o ABSOLUTE
    __Vectors                                0x08000000   Data           4  startup_stm32f4xx.o(RESET)
    __Vectors_End                            0x08000188   Data           0  startup_stm32f4xx.o(RESET)
    __main                                   0x08000189   Thumb Code     0  entry.o(.ARM.Collect$$$$00000000)
    _main_stk                                0x08000189   Thumb Code     0  entry2.o(.ARM.Collect$$$$00000001)
    _main_scatterload                        0x0800018d   Thumb Code     0  entry5.o(.ARM.Collect$$$$00000004)
    __main_after_scatterload                 0x08000191   Thumb Code     0  entry5.o(.ARM.Collect$$$$00000004)
    _main_clock                              0x08000191   Thumb Code     0  entry7b.o(.ARM.Collect$$$$00000008)
    _main_cpp_init                           0x08000191   Thumb Code     0  entry8b.o(.ARM.Collect$$$$0000000A)
    _main_init                               0x08000191   Thumb Code     0  entry9a.o(.ARM.Collect$$$$0000000B)
    __rt_final_cpp                           0x08000199   Thumb Code     0  entry10a.o(.ARM.Collect$$$$0000000D)
    __rt_final_exit                          0x08000199   Thumb Code     0  entry11a.o(.ARM.Collect$$$$0000000F)
    toggle_led                               0x0800019d   Thumb Code    12  application.o(.text)
    rt_init_thread_entry                     0x080001a9   Thumb Code    36  application.o(.text)
    rt_application_init                      0x080001cd   Thumb Code    40  application.o(.text)
    assert_failed                            0x08000215   Thumb Code    30  startup.o(.text)
    rtthread_startup                         0x08000233   Thumb Code    62  startup.o(.text)
    main                                     0x08000271   Thumb Code    14  startup.o(.text)
    NVIC_Configuration                       0x080002e1   Thumb Code    22  board.o(.text)
    SysTick_Configuration                    0x080002f7   Thumb Code    98  board.o(.text)
    SysTick_Handler                          0x08000359   Thumb Code    16  board.o(.text)
    rt_hw_board_init                         0x08000369   Thumb Code    26  board.o(.text)
    NMI_Handler                              0x08000395   Thumb Code     2  stm32f4xx_it.o(.text)
    MemManage_Handler                        0x08000397   Thumb Code     4  stm32f4xx_it.o(.text)
    BusFault_Handler                         0x0800039b   Thumb Code     4  stm32f4xx_it.o(.text)
    UsageFault_Handler                       0x0800039f   Thumb Code     4  stm32f4xx_it.o(.text)
    SVC_Handler                              0x080003a3   Thumb Code     2  stm32f4xx_it.o(.text)
    USART1_IRQHandler                        0x08000705   Thumb Code    18  usart.o(.text)
    DMA2_Stream5_IRQHandler                  0x08000717   Thumb Code    18  usart.o(.text)
    USART2_IRQHandler                        0x08000729   Thumb Code    18  usart.o(.text)
    DMA1_Stream5_IRQHandler                  0x0800073b   Thumb Code    18  usart.o(.text)
    USART3_IRQHandler                        0x0800074d   Thumb Code    18  usart.o(.text)
    DMA1_Stream1_IRQHandler                  0x0800075f   Thumb Code    18  usart.o(.text)
    stm32_hw_usart_init                      0x080008a1   Thumb Code   136  usart.o(.text)
    rt_platform_init                         0x08000b4b   Thumb Code    28  platform.o(.text)
    fan_speed_set                            0x08000b81   Thumb Code    56  fan_control.o(.text)
    cmd_fan_speed_set                        0x08000bb9   Thumb Code    54  fan_control.o(.text)
    get_pin                                  0x08000bf5   Thumb Code    18  gpio.o(.text)
    stm32_pin_write                          0x08000c07   Thumb Code    52  gpio.o(.text)
    stm32_pin_read                           0x08000c3b   Thumb Code    48  gpio.o(.text)
    stm32_pin_mode                           0x08000c6b   Thumb Code   122  gpio.o(.text)
    stm32_hw_pin_init                        0x08000ce5   Thumb Code    16  gpio.o(.text)
    r61529_read_id                           0x080011f9   Thumb Code    80  lcd_r61529.o(.text)
    SystemInit                               0x08001339   Thumb Code    88  system_stm32f4xx.o(.text)
    SystemCoreClockUpdate                    0x08001391   Thumb Code   174  system_stm32f4xx.o(.text)
    NVIC_PriorityGroupConfig                 0x0800146d   Thumb Code    54  misc.o(.text)
    NVIC_Init                                0x080014a3   Thumb Code   164  misc.o(.text)
    NVIC_SetVectorTable                      0x08001547   Thumb Code    60  misc.o(.text)
    NVIC_SystemLPConfig                      0x08001583   Thumb Code    78  misc.o(.text)
    SysTick_CLKSourceConfig                  0x080015d1   Thumb Code    62  misc.o(.text)
    DAC_DeInit                               0x08001659   Thumb Code    22  stm32f4xx_dac.o(.text)
    DAC_Init                                 0x0800166f   Thumb Code   360  stm32f4xx_dac.o(.text)
    DAC_StructInit                           0x080017d7   Thumb Code    12  stm32f4xx_dac.o(.text)
    DAC_Cmd                                  0x080017e3   Thumb Code    76  stm32f4xx_dac.o(.text)
    DAC_SoftwareTriggerCmd                   0x0800182f   Thumb Code    88  stm32f4xx_dac.o(.text)
    DAC_DualSoftwareTriggerCmd               0x08001887   Thumb Code    60  stm32f4xx_dac.o(.text)
    DAC_WaveGenerationCmd                    0x080018c3   Thumb Code    98  stm32f4xx_dac.o(.text)
    DAC_SetChannel1Data                      0x08001925   Thumb Code    72  stm32f4xx_dac.o(.text)
    DAC_SetChannel2Data                      0x0800196d   Thumb Code    72  stm32f4xx_dac.o(.text)
    DAC_SetDualChannelData                   0x080019b5   Thumb Code   108  stm32f4xx_dac.o(.text)
    DAC_GetDataOutputValue                   0x08001a21   Thumb Code    50  stm32f4xx_dac.o(.text)
    DAC_DMACmd                               0x08001a53   Thumb Code   146  stm32f4xx_dac.o(.text)
    DAC_ITConfig                             0x08001ae5   Thumb Code   102  stm32f4xx_dac.o(.text)
    DAC_GetFlagStatus                        0x08001b4b   Thumb Code    72  stm32f4xx_dac.o(.text)
    DAC_ClearFlag                            0x08001b93   Thumb Code    58  stm32f4xx_dac.o(.text)
    DAC_GetITStatus                          0x08001bcd   Thumb Code    92  stm32f4xx_dac.o(.text)
    DAC_ClearITPendingBit                    0x08001c29   Thumb Code    58  stm32f4xx_dac.o(.text)
    DMA_DeInit                               0x08001c69   Thumb Code   462  stm32f4xx_dma.o(.text)
    DMA_Init                                 0x08001e37   Thumb Code   744  stm32f4xx_dma.o(.text)
    DMA_StructInit                           0x0800211f   Thumb Code    34  stm32f4xx_dma.o(.text)
    DMA_Cmd                                  0x08002141   Thumb Code   186  stm32f4xx_dma.o(.text)
    DMA_PeriphIncOffsetSizeConfig            0x080021fb   Thumb Code   188  stm32f4xx_dma.o(.text)
    DMA_FlowControllerConfig                 0x080022b7   Thumb Code   186  stm32f4xx_dma.o(.text)
    DMA_SetCurrDataCounter                   0x08002371   Thumb Code   148  stm32f4xx_dma.o(.text)
    DMA_GetCurrDataCounter                   0x08002405   Thumb Code   148  stm32f4xx_dma.o(.text)
    DMA_DoubleBufferModeConfig               0x08002499   Thumb Code   204  stm32f4xx_dma.o(.text)
    DMA_DoubleBufferModeCmd                  0x08002565   Thumb Code   186  stm32f4xx_dma.o(.text)
    DMA_MemoryTargetConfig                   0x0800261f   Thumb Code   178  stm32f4xx_dma.o(.text)
    DMA_GetCurrentMemoryTarget               0x080026d1   Thumb Code   162  stm32f4xx_dma.o(.text)
    DMA_GetCmdStatus                         0x08002773   Thumb Code   162  stm32f4xx_dma.o(.text)
    DMA_GetFIFOStatus                        0x08002815   Thumb Code   154  stm32f4xx_dma.o(.text)
    DMA_GetFlagStatus                        0x080028af   Thumb Code   486  stm32f4xx_dma.o(.text)
    DMA_ClearFlag                            0x08002a95   Thumb Code   220  stm32f4xx_dma.o(.text)
    DMA_ITConfig                             0x08002b71   Thumb Code   244  stm32f4xx_dma.o(.text)
    DMA_GetITStatus                          0x08002c65   Thumb Code   590  stm32f4xx_dma.o(.text)
    DMA_ClearITPendingBit                    0x08002eb3   Thumb Code   222  stm32f4xx_dma.o(.text)
    FSMC_NORSRAMDeInit                       0x08003035   Thumb Code    82  stm32f4xx_fsmc.o(.text)
    FSMC_NORSRAMInit                         0x08003087   Thumb Code   832  stm32f4xx_fsmc.o(.text)
    FSMC_NORSRAMStructInit                   0x080033c7   Thumb Code   174  stm32f4xx_fsmc.o(.text)
    FSMC_NORSRAMCmd                          0x08003475   Thumb Code   100  stm32f4xx_fsmc.o(.text)
    FSMC_NANDDeInit                          0x080034d9   Thumb Code    90  stm32f4xx_fsmc.o(.text)
    FSMC_NANDInit                            0x08003533   Thumb Code   512  stm32f4xx_fsmc.o(.text)
    FSMC_NANDStructInit                      0x08003733   Thumb Code    54  stm32f4xx_fsmc.o(.text)
    FSMC_NANDCmd                             0x08003769   Thumb Code   136  stm32f4xx_fsmc.o(.text)
    FSMC_NANDECCCmd                          0x080037f1   Thumb Code   136  stm32f4xx_fsmc.o(.text)
    FSMC_GetECC                              0x08003879   Thumb Code    24  stm32f4xx_fsmc.o(.text)
    FSMC_PCCARDDeInit                        0x08003891   Thumb Code    44  stm32f4xx_fsmc.o(.text)
    FSMC_PCCARDInit                          0x080038bd   Thumb Code   460  stm32f4xx_fsmc.o(.text)
    FSMC_PCCARDStructInit                    0x08003a89   Thumb Code    60  stm32f4xx_fsmc.o(.text)
    FSMC_PCCARDCmd                           0x08003ac5   Thumb Code    62  stm32f4xx_fsmc.o(.text)
    FSMC_ITConfig                            0x08003b03   Thumb Code   206  stm32f4xx_fsmc.o(.text)
    FSMC_GetFlagStatus                       0x08003bd1   Thumb Code   122  stm32f4xx_fsmc.o(.text)
    FSMC_ClearFlag                           0x08003c4b   Thumb Code   120  stm32f4xx_fsmc.o(.text)
    FSMC_GetITStatus                         0x08003cc3   Thumb Code   136  stm32f4xx_fsmc.o(.text)
    FSMC_ClearITPendingBit                   0x08003d4b   Thumb Code   126  stm32f4xx_fsmc.o(.text)
    GPIO_DeInit                              0x08003dd1   Thumb Code   284  stm32f4xx_gpio.o(.text)
    GPIO_Init                                0x08003eed   Thumb Code   342  stm32f4xx_gpio.o(.text)
    GPIO_StructInit                          0x08004043   Thumb Code    18  stm32f4xx_gpio.o(.text)
    GPIO_PinLockConfig                       0x08004055   Thumb Code   122  stm32f4xx_gpio.o(.text)
    GPIO_ReadInputDataBit                    0x080040cf   Thumb Code   182  stm32f4xx_gpio.o(.text)
    GPIO_ReadInputData                       0x08004185   Thumb Code   174  stm32f4xx_gpio.o(.text)
    GPIO_ReadOutputDataBit                   0x08004233   Thumb Code   186  stm32f4xx_gpio.o(.text)
    GPIO_ReadOutputData                      0x080042ed   Thumb Code    78  stm32f4xx_gpio.o(.text)
    GPIO_SetBits                             0x0800433b   Thumb Code    98  stm32f4xx_gpio.o(.text)
    GPIO_ResetBits                           0x0800439d   Thumb Code    98  stm32f4xx_gpio.o(.text)
    GPIO_WriteBit                            0x080043ff   Thumb Code   200  stm32f4xx_gpio.o(.text)
    GPIO_Write                               0x080044c7   Thumb Code    78  stm32f4xx_gpio.o(.text)
    GPIO_ToggleBits                          0x08004515   Thumb Code    82  stm32f4xx_gpio.o(.text)
    GPIO_PinAFConfig                         0x08004567   Thumb Code   384  stm32f4xx_gpio.o(.text)
    RCC_DeInit                               0x080046e9   Thumb Code    60  stm32f4xx_rcc.o(.text)
    RCC_HSEConfig                            0x08004725   Thumb Code    38  stm32f4xx_rcc.o(.text)
    RCC_GetFlagStatus                        0x0800474b   Thumb Code   130  stm32f4xx_rcc.o(.text)
    RCC_WaitForHSEStartUp                    0x080047cd   Thumb Code    56  stm32f4xx_rcc.o(.text)
    RCC_AdjustHSICalibrationValue            0x08004805   Thumb Code    38  stm32f4xx_rcc.o(.text)
    RCC_HSICmd                               0x0800482b   Thumb Code    28  stm32f4xx_rcc.o(.text)
    RCC_LSEConfig                            0x08004847   Thumb Code    72  stm32f4xx_rcc.o(.text)
    RCC_LSICmd                               0x0800488f   Thumb Code    28  stm32f4xx_rcc.o(.text)
    RCC_PLLConfig                            0x080048ab   Thumb Code   156  stm32f4xx_rcc.o(.text)
    RCC_PLLCmd                               0x08004947   Thumb Code    28  stm32f4xx_rcc.o(.text)
    RCC_PLLI2SConfig                         0x08004963   Thumb Code    62  stm32f4xx_rcc.o(.text)
    RCC_PLLI2SCmd                            0x080049a1   Thumb Code    28  stm32f4xx_rcc.o(.text)
    RCC_ClockSecuritySystemCmd               0x080049bd   Thumb Code    28  stm32f4xx_rcc.o(.text)
    RCC_MCO1Config                           0x080049d9   Thumb Code   102  stm32f4xx_rcc.o(.text)
    RCC_MCO2Config                           0x08004a3f   Thumb Code   102  stm32f4xx_rcc.o(.text)
    RCC_SYSCLKConfig                         0x08004aa5   Thumb Code   124  stm32f4xx_rcc.o(.text)
    RCC_GetSYSCLKSource                      0x08004b21   Thumb Code    10  stm32f4xx_rcc.o(.text)
    RCC_HCLKConfig                           0x08004b2b   Thumb Code    68  stm32f4xx_rcc.o(.text)
    RCC_PCLK1Config                          0x08004b6f   Thumb Code    60  stm32f4xx_rcc.o(.text)
    RCC_PCLK2Config                          0x08004bab   Thumb Code    62  stm32f4xx_rcc.o(.text)
    RCC_GetClocksFreq                        0x08004be9   Thumb Code   214  stm32f4xx_rcc.o(.text)
    RCC_RTCCLKConfig                         0x08004cbf   Thumb Code   262  stm32f4xx_rcc.o(.text)
    RCC_RTCCLKCmd                            0x08004dc5   Thumb Code    30  stm32f4xx_rcc.o(.text)
    RCC_BackupResetCmd                       0x08004de3   Thumb Code    32  stm32f4xx_rcc.o(.text)
    RCC_I2SCLKConfig                         0x08004e03   Thumb Code    30  stm32f4xx_rcc.o(.text)
    RCC_AHB1PeriphClockCmd                   0x08004e21   Thumb Code    82  stm32f4xx_rcc.o(.text)
    RCC_AHB2PeriphClockCmd                   0x08004e73   Thumb Code    82  stm32f4xx_rcc.o(.text)
    RCC_AHB3PeriphClockCmd                   0x08004ec5   Thumb Code   232  stm32f4xx_rcc.o(.text)
    RCC_APB1PeriphClockCmd                   0x08004fad   Thumb Code    82  stm32f4xx_rcc.o(.text)
    RCC_APB2PeriphClockCmd                   0x08004fff   Thumb Code    82  stm32f4xx_rcc.o(.text)
    RCC_AHB1PeriphResetCmd                   0x08005051   Thumb Code    82  stm32f4xx_rcc.o(.text)
    RCC_AHB2PeriphResetCmd                   0x080050a3   Thumb Code    82  stm32f4xx_rcc.o(.text)
    RCC_AHB3PeriphResetCmd                   0x080050f5   Thumb Code    82  stm32f4xx_rcc.o(.text)
    RCC_APB1PeriphResetCmd                   0x08005147   Thumb Code    82  stm32f4xx_rcc.o(.text)
    RCC_APB2PeriphResetCmd                   0x08005199   Thumb Code    82  stm32f4xx_rcc.o(.text)
    RCC_AHB1PeriphClockLPModeCmd             0x080051eb   Thumb Code    82  stm32f4xx_rcc.o(.text)
    RCC_AHB2PeriphClockLPModeCmd             0x0800523d   Thumb Code    82  stm32f4xx_rcc.o(.text)
    RCC_AHB3PeriphClockLPModeCmd             0x0800528f   Thumb Code    82  stm32f4xx_rcc.o(.text)
    RCC_APB1PeriphClockLPModeCmd             0x080052e1   Thumb Code    82  stm32f4xx_rcc.o(.text)
    RCC_APB2PeriphClockLPModeCmd             0x08005333   Thumb Code   106  stm32f4xx_rcc.o(.text)
    RCC_ITConfig                             0x0800539d   Thumb Code    74  stm32f4xx_rcc.o(.text)
    RCC_ClearFlag                            0x080053e7   Thumb Code    18  stm32f4xx_rcc.o(.text)
    RCC_GetITStatus                          0x080053f9   Thumb Code    68  stm32f4xx_rcc.o(.text)
    RCC_ClearITPendingBit                    0x0800543d   Thumb Code    34  stm32f4xx_rcc.o(.text)
    USART_DeInit                             0x08005465   Thumb Code   202  stm32f4xx_usart.o(.text)
    USART_Init                               0x0800552f   Thumb Code   456  stm32f4xx_usart.o(.text)
    USART_StructInit                         0x080056f7   Thumb Code    24  stm32f4xx_usart.o(.text)
    USART_ClockInit                          0x0800570f   Thumb Code   166  stm32f4xx_usart.o(.text)
    USART_ClockStructInit                    0x080057b5   Thumb Code    12  stm32f4xx_usart.o(.text)
    USART_Cmd                                0x080057c1   Thumb Code    96  stm32f4xx_usart.o(.text)
    USART_SetPrescaler                       0x08005821   Thumb Code   160  stm32f4xx_usart.o(.text)
    USART_OverSampling8Cmd                   0x080058c1   Thumb Code    98  stm32f4xx_usart.o(.text)
    USART_OneBitMethodCmd                    0x08005923   Thumb Code   100  stm32f4xx_usart.o(.text)
    USART_SendData                           0x08005987   Thumb Code    84  stm32f4xx_usart.o(.text)
    USART_ReceiveData                        0x080059db   Thumb Code    62  stm32f4xx_usart.o(.text)
    USART_SetAddress                         0x08005a19   Thumb Code    92  stm32f4xx_usart.o(.text)
    USART_ReceiverWakeUpCmd                  0x08005a75   Thumb Code   100  stm32f4xx_usart.o(.text)
    USART_WakeUpConfig                       0x08005ad9   Thumb Code    96  stm32f4xx_usart.o(.text)
    USART_LINBreakDetectLengthConfig         0x08005b39   Thumb Code    94  stm32f4xx_usart.o(.text)
    USART_LINCmd                             0x08005b97   Thumb Code   100  stm32f4xx_usart.o(.text)
    USART_SendBreak                          0x08005bfb   Thumb Code    64  stm32f4xx_usart.o(.text)
    USART_HalfDuplexCmd                      0x08005c3b   Thumb Code   100  stm32f4xx_usart.o(.text)
    USART_SetGuardTime                       0x08005c9f   Thumb Code    86  stm32f4xx_usart.o(.text)
    USART_SmartCardCmd                       0x08005cf5   Thumb Code    88  stm32f4xx_usart.o(.text)
    USART_SmartCardNACKCmd                   0x08005d4d   Thumb Code    88  stm32f4xx_usart.o(.text)
    USART_IrDAConfig                         0x08005da5   Thumb Code    94  stm32f4xx_usart.o(.text)
    USART_IrDACmd                            0x08005e03   Thumb Code   100  stm32f4xx_usart.o(.text)
    USART_DMACmd                             0x08005e67   Thumb Code   120  stm32f4xx_usart.o(.text)
    USART_ITConfig                           0x08005edf   Thumb Code   268  stm32f4xx_usart.o(.text)
    USART_GetFlagStatus                      0x08005feb   Thumb Code   176  stm32f4xx_usart.o(.text)
    USART_ClearFlag                          0x0800609b   Thumb Code   160  stm32f4xx_usart.o(.text)
    USART_GetITStatus                        0x0800613b   Thumb Code   284  stm32f4xx_usart.o(.text)
    USART_ClearITPendingBit                  0x08006257   Thumb Code   170  stm32f4xx_usart.o(.text)
    Reset_Handler                            0x08006319   Thumb Code     8  startup_stm32f4xx.o(.text)
    DebugMon_Handler                         0x0800632d   Thumb Code     2  startup_stm32f4xx.o(.text)
    ADC_IRQHandler                           0x08006333   Thumb Code     0  startup_stm32f4xx.o(.text)
    CAN1_RX0_IRQHandler                      0x08006333   Thumb Code     0  startup_stm32f4xx.o(.text)
    CAN1_RX1_IRQHandler                      0x08006333   Thumb Code     0  startup_stm32f4xx.o(.text)
    CAN1_SCE_IRQHandler                      0x08006333   Thumb Code     0  startup_stm32f4xx.o(.text)
    CAN1_TX_IRQHandler                       0x08006333   Thumb Code     0  startup_stm32f4xx.o(.text)
    CAN2_RX0_IRQHandler                      0x08006333   Thumb Code     0  startup_stm32f4xx.o(.text)
    CAN2_RX1_IRQHandler                      0x08006333   Thumb Code     0  startup_stm32f4xx.o(.text)
    CAN2_SCE_IRQHandler                      0x08006333   Thumb Code     0  startup_stm32f4xx.o(.text)
    CAN2_TX_IRQHandler                       0x08006333   Thumb Code     0  startup_stm32f4xx.o(.text)
    CRYP_IRQHandler                          0x08006333   Thumb Code     0  startup_stm32f4xx.o(.text)
    DCMI_IRQHandler                          0x08006333   Thumb Code     0  startup_stm32f4xx.o(.text)
    DMA1_Stream0_IRQHandler                  0x08006333   Thumb Code     0  startup_stm32f4xx.o(.text)
    DMA1_Stream2_IRQHandler                  0x08006333   Thumb Code     0  startup_stm32f4xx.o(.text)
    DMA1_Stream3_IRQHandler                  0x08006333   Thumb Code     0  startup_stm32f4xx.o(.text)
    DMA1_Stream4_IRQHandler                  0x08006333   Thumb Code     0  startup_stm32f4xx.o(.text)
    DMA1_Stream6_IRQHandler                  0x08006333   Thumb Code     0  startup_stm32f4xx.o(.text)
    DMA1_Stream7_IRQHandler                  0x08006333   Thumb Code     0  startup_stm32f4xx.o(.text)
    DMA2_Stream0_IRQHandler                  0x08006333   Thumb Code     0  startup_stm32f4xx.o(.text)
    DMA2_Stream1_IRQHandler                  0x08006333   Thumb Code     0  startup_stm32f4xx.o(.text)
    DMA2_Stream2_IRQHandler                  0x08006333   Thumb Code     0  startup_stm32f4xx.o(.text)
    DMA2_Stream3_IRQHandler                  0x08006333   Thumb Code     0  startup_stm32f4xx.o(.text)
    DMA2_Stream4_IRQHandler                  0x08006333   Thumb Code     0  startup_stm32f4xx.o(.text)
    DMA2_Stream6_IRQHandler                  0x08006333   Thumb Code     0  startup_stm32f4xx.o(.text)
    DMA2_Stream7_IRQHandler                  0x08006333   Thumb Code     0  startup_stm32f4xx.o(.text)
    ETH_IRQHandler                           0x08006333   Thumb Code     0  startup_stm32f4xx.o(.text)
    ETH_WKUP_IRQHandler                      0x08006333   Thumb Code     0  startup_stm32f4xx.o(.text)
    EXTI0_IRQHandler                         0x08006333   Thumb Code     0  startup_stm32f4xx.o(.text)
    EXTI15_10_IRQHandler                     0x08006333   Thumb Code     0  startup_stm32f4xx.o(.text)
    EXTI1_IRQHandler                         0x08006333   Thumb Code     0  startup_stm32f4xx.o(.text)
    EXTI2_IRQHandler                         0x08006333   Thumb Code     0  startup_stm32f4xx.o(.text)
    EXTI3_IRQHandler                         0x08006333   Thumb Code     0  startup_stm32f4xx.o(.text)
    EXTI4_IRQHandler                         0x08006333   Thumb Code     0  startup_stm32f4xx.o(.text)
    EXTI9_5_IRQHandler                       0x08006333   Thumb Code     0  startup_stm32f4xx.o(.text)
    FLASH_IRQHandler                         0x08006333   Thumb Code     0  startup_stm32f4xx.o(.text)
    FPU_IRQHandler                           0x08006333   Thumb Code     0  startup_stm32f4xx.o(.text)
    FSMC_IRQHandler                          0x08006333   Thumb Code     0  startup_stm32f4xx.o(.text)
    HASH_RNG_IRQHandler                      0x08006333   Thumb Code     0  startup_stm32f4xx.o(.text)
    I2C1_ER_IRQHandler                       0x08006333   Thumb Code     0  startup_stm32f4xx.o(.text)
    I2C1_EV_IRQHandler                       0x08006333   Thumb Code     0  startup_stm32f4xx.o(.text)
    I2C2_ER_IRQHandler                       0x08006333   Thumb Code     0  startup_stm32f4xx.o(.text)
    I2C2_EV_IRQHandler                       0x08006333   Thumb Code     0  startup_stm32f4xx.o(.text)
    I2C3_ER_IRQHandler                       0x08006333   Thumb Code     0  startup_stm32f4xx.o(.text)
    I2C3_EV_IRQHandler                       0x08006333   Thumb Code     0  startup_stm32f4xx.o(.text)
    OTG_FS_IRQHandler                        0x08006333   Thumb Code     0  startup_stm32f4xx.o(.text)
    OTG_FS_WKUP_IRQHandler                   0x08006333   Thumb Code     0  startup_stm32f4xx.o(.text)
    OTG_HS_EP1_IN_IRQHandler                 0x08006333   Thumb Code     0  startup_stm32f4xx.o(.text)
    OTG_HS_EP1_OUT_IRQHandler                0x08006333   Thumb Code     0  startup_stm32f4xx.o(.text)
    OTG_HS_IRQHandler                        0x08006333   Thumb Code     0  startup_stm32f4xx.o(.text)
    OTG_HS_WKUP_IRQHandler                   0x08006333   Thumb Code     0  startup_stm32f4xx.o(.text)
    PVD_IRQHandler                           0x08006333   Thumb Code     0  startup_stm32f4xx.o(.text)
    RCC_IRQHandler                           0x08006333   Thumb Code     0  startup_stm32f4xx.o(.text)
    RTC_Alarm_IRQHandler                     0x08006333   Thumb Code     0  startup_stm32f4xx.o(.text)
    RTC_WKUP_IRQHandler                      0x08006333   Thumb Code     0  startup_stm32f4xx.o(.text)
    SDIO_IRQHandler                          0x08006333   Thumb Code     0  startup_stm32f4xx.o(.text)
    SPI1_IRQHandler                          0x08006333   Thumb Code     0  startup_stm32f4xx.o(.text)
    SPI2_IRQHandler                          0x08006333   Thumb Code     0  startup_stm32f4xx.o(.text)
    SPI3_IRQHandler                          0x08006333   Thumb Code     0  startup_stm32f4xx.o(.text)
    TAMP_STAMP_IRQHandler                    0x08006333   Thumb Code     0  startup_stm32f4xx.o(.text)
    TIM1_BRK_TIM9_IRQHandler                 0x08006333   Thumb Code     0  startup_stm32f4xx.o(.text)
    TIM1_CC_IRQHandler                       0x08006333   Thumb Code     0  startup_stm32f4xx.o(.text)
    TIM1_TRG_COM_TIM11_IRQHandler            0x08006333   Thumb Code     0  startup_stm32f4xx.o(.text)
    TIM1_UP_TIM10_IRQHandler                 0x08006333   Thumb Code     0  startup_stm32f4xx.o(.text)
    TIM2_IRQHandler                          0x08006333   Thumb Code     0  startup_stm32f4xx.o(.text)
    TIM3_IRQHandler                          0x08006333   Thumb Code     0  startup_stm32f4xx.o(.text)
    TIM4_IRQHandler                          0x08006333   Thumb Code     0  startup_stm32f4xx.o(.text)
    TIM5_IRQHandler                          0x08006333   Thumb Code     0  startup_stm32f4xx.o(.text)
    TIM6_DAC_IRQHandler                      0x08006333   Thumb Code     0  startup_stm32f4xx.o(.text)
    TIM7_IRQHandler                          0x08006333   Thumb Code     0  startup_stm32f4xx.o(.text)
    TIM8_BRK_TIM12_IRQHandler                0x08006333   Thumb Code     0  startup_stm32f4xx.o(.text)
    TIM8_CC_IRQHandler                       0x08006333   Thumb Code     0  startup_stm32f4xx.o(.text)
    TIM8_TRG_COM_TIM14_IRQHandler            0x08006333   Thumb Code     0  startup_stm32f4xx.o(.text)
    TIM8_UP_TIM13_IRQHandler                 0x08006333   Thumb Code     0  startup_stm32f4xx.o(.text)
    UART4_IRQHandler                         0x08006333   Thumb Code     0  startup_stm32f4xx.o(.text)
    UART5_IRQHandler                         0x08006333   Thumb Code     0  startup_stm32f4xx.o(.text)
    USART6_IRQHandler                        0x08006333   Thumb Code     0  startup_stm32f4xx.o(.text)
    WWDG_IRQHandler                          0x08006333   Thumb Code     0  startup_stm32f4xx.o(.text)
    rt_system_tick_init                      0x0800633d   Thumb Code     2  clock.o(.text)
    rt_tick_get                              0x0800633f   Thumb Code     6  clock.o(.text)
    rt_tick_set                              0x08006345   Thumb Code    22  clock.o(.text)
    rt_tick_increase                         0x0800635b   Thumb Code    42  clock.o(.text)
    rt_tick_from_millisecond                 0x08006385   Thumb Code    22  clock.o(.text)
    rt_device_find                           0x080063a1   Thumb Code    76  device.o(.text)
    rt_device_register                       0x080063ed   Thumb Code    52  device.o(.text)
    rt_device_unregister                     0x08006421   Thumb Code    26  device.o(.text)
    rt_device_init_all                       0x0800643b   Thumb Code     4  device.o(.text)
    rt_device_init                           0x0800643f   Thumb Code    64  device.o(.text)
    rt_device_open                           0x0800647f   Thumb Code   136  device.o(.text)
    rt_device_close                          0x08006507   Thumb Code    68  device.o(.text)
    rt_device_read                           0x0800654b   Thumb Code    76  device.o(.text)
    rt_device_write                          0x08006597   Thumb Code    76  device.o(.text)
    rt_device_control                        0x080065e3   Thumb Code    42  device.o(.text)
    rt_device_set_rx_indicate                0x0800660d   Thumb Code    26  device.o(.text)
    rt_device_set_tx_complete                0x08006627   Thumb Code    26  device.o(.text)
    rt_thread_idle_sethook                   0x080066c5   Thumb Code     6  idle.o(.text)
    rt_thread_idle_excute                    0x080066cb   Thumb Code   154  idle.o(.text)
    rt_thread_idle_init                      0x08006779   Thumb Code    38  idle.o(.text)
    rt_thread_idle_gethandler                0x0800679f   Thumb Code     4  idle.o(.text)
    rt_sem_init                              0x080068a9   Thumb Code    50  ipc.o(.text)
    rt_sem_detach                            0x080068db   Thumb Code    34  ipc.o(.text)
    rt_sem_create                            0x080068fd   Thumb Code    84  ipc.o(.text)
    rt_sem_delete                            0x08006951   Thumb Code    78  ipc.o(.text)
    rt_sem_take                              0x0800699f   Thumb Code   266  ipc.o(.text)
    rt_sem_trytake                           0x08006aa9   Thumb Code    14  ipc.o(.text)
    rt_sem_release                           0x08006ab7   Thumb Code    80  ipc.o(.text)
    rt_sem_control                           0x08006b07   Thumb Code    68  ipc.o(.text)
    rt_mutex_init                            0x08006b4b   Thumb Code    58  ipc.o(.text)
    rt_mutex_detach                          0x08006b85   Thumb Code    36  ipc.o(.text)
    rt_mutex_create                          0x08006ba9   Thumb Code    96  ipc.o(.text)
    rt_mutex_delete                          0x08006c09   Thumb Code    78  ipc.o(.text)
    rt_mutex_take                            0x08006c57   Thumb Code   524  ipc.o(.text)
    rt_mutex_release                         0x08006e63   Thumb Code   272  ipc.o(.text)
    rt_mutex_control                         0x08006f73   Thumb Code     8  ipc.o(.text)
    rt_event_init                            0x08006f7b   Thumb Code    46  ipc.o(.text)
    rt_event_detach                          0x08006fa9   Thumb Code    36  ipc.o(.text)
    rt_event_create                          0x08006fcd   Thumb Code    88  ipc.o(.text)
    rt_event_delete                          0x08007025   Thumb Code    82  ipc.o(.text)
    rt_event_send                            0x08007077   Thumb Code   210  ipc.o(.text)
    rt_event_recv                            0x08007149   Thumb Code   448  ipc.o(.text)
    rt_event_control                         0x08007309   Thumb Code    70  ipc.o(.text)
    rt_mb_init                               0x0800734f   Thumb Code    76  ipc.o(.text)
    rt_mb_detach                             0x0800739b   Thumb Code    44  ipc.o(.text)
    rt_mb_create                             0x080073c7   Thumb Code   128  ipc.o(.text)
    rt_mb_delete                             0x08007447   Thumb Code    96  ipc.o(.text)
    rt_mb_send_wait                          0x080074a7   Thumb Code   436  ipc.o(.text)
    rt_mb_send                               0x0800765b   Thumb Code    18  ipc.o(.text)
    rt_mb_recv                               0x0800766d   Thumb Code   412  ipc.o(.text)
    rt_mb_control                            0x08007809   Thumb Code    82  ipc.o(.text)
    rt_mq_init                               0x0800785b   Thumb Code   118  ipc.o(.text)
    rt_mq_detach                             0x080078d1   Thumb Code    36  ipc.o(.text)
    rt_mq_delete                             0x080078f5   Thumb Code    88  ipc.o(.text)
    rt_mq_create                             0x0800794d   Thumb Code   174  ipc.o(.text)
    rt_mq_send                               0x080079fb   Thumb Code   290  ipc.o(.text)
    rt_mq_urgent                             0x08007b1d   Thumb Code   198  ipc.o(.text)
    rt_mq_recv                               0x08007be3   Thumb Code   438  ipc.o(.text)
    rt_mq_control                            0x08007d99   Thumb Code    98  ipc.o(.text)
    rt_interrupt_enter_sethook               0x08007e51   Thumb Code     6  irq.o(.text)
    rt_interrupt_leave_sethook               0x08007e57   Thumb Code     6  irq.o(.text)
    rt_interrupt_enter                       0x08007e5d   Thumb Code    46  irq.o(.text)
    rt_interrupt_leave                       0x08007e8b   Thumb Code    46  irq.o(.text)
    rt_interrupt_get_nest                    0x08007eb9   Thumb Code     6  irq.o(.text)
    rt_get_errno                             0x08007ecd   Thumb Code    32  kservice.o(.text)
    rt_set_errno                             0x08007eed   Thumb Code    36  kservice.o(.text)
    _rt_errno                                0x08007f11   Thumb Code    30  kservice.o(.text)
    rt_memset                                0x08007f2f   Thumb Code    72  kservice.o(.text)
    rt_memcpy                                0x08007f77   Thumb Code   124  kservice.o(.text)
    rt_memmove                               0x08007ff3   Thumb Code    66  kservice.o(.text)
    rt_memcmp                                0x08008035   Thumb Code    38  kservice.o(.text)
    rt_strlen                                0x0800805b   Thumb Code    18  kservice.o(.text)
    rt_strstr                                0x0800806d   Thumb Code    58  kservice.o(.text)
    rt_strcasecmp                            0x080080a7   Thumb Code    48  kservice.o(.text)
    rt_strncpy                               0x080080d7   Thumb Code    52  kservice.o(.text)
    rt_strncmp                               0x0800810b   Thumb Code    40  kservice.o(.text)
    rt_strcmp                                0x08008133   Thumb Code    28  kservice.o(.text)
    rt_strnlen                               0x0800814f   Thumb Code    24  kservice.o(.text)
    rt_strdup                                0x08008167   Thumb Code    40  kservice.o(.text)
    rt_hw_console_output                     0x0800818f   Thumb Code     2  kservice.o(.text)
    rt_vsnprintf                             0x08008347   Thumb Code   800  kservice.o(.text)
    rt_kprintf                               0x08008667   Thumb Code    96  kservice.o(.text)
    rt_show_version                          0x080086c7   Thumb Code    38  kservice.o(.text)
    rt_snprintf                              0x080086ed   Thumb Code    38  kservice.o(.text)
    rt_vsprintf                              0x08008713   Thumb Code    22  kservice.o(.text)
    rt_sprintf                               0x08008729   Thumb Code    34  kservice.o(.text)
    rt_console_get_device                    0x0800874b   Thumb Code     6  kservice.o(.text)
    rt_console_set_device                    0x08008751   Thumb Code    48  kservice.o(.text)
    rt_kputs                                 0x08008781   Thumb Code    72  kservice.o(.text)
    rt_malloc_align                          0x080087c9   Thumb Code    66  kservice.o(.text)
    rt_free_align                            0x0800880b   Thumb Code    16  kservice.o(.text)
    __rt_ffs                                 0x0800881b   Thumb Code    70  kservice.o(.text)
    rt_assert_set_hook                       0x08008861   Thumb Code     6  kservice.o(.text)
    rt_assert_handler                        0x08008867   Thumb Code    56  kservice.o(.text)
    rt_malloc_sethook                        0x08008979   Thumb Code     6  mem.o(.text)
    rt_free_sethook                          0x0800897f   Thumb Code     6  mem.o(.text)
    rt_system_heap_init                      0x08008a25   Thumb Code   204  mem.o(.text)
    rt_malloc                                0x08008af1   Thumb Code   520  mem.o(.text)
    rt_free                                  0x08008cf9   Thumb Code   602  mem.o(.text)
    rt_realloc                               0x08008f53   Thumb Code   312  mem.o(.text)
    rt_calloc                                0x0800908b   Thumb Code    84  mem.o(.text)
    rt_memory_info                           0x080090df   Thumb Code    26  mem.o(.text)
    list_mem                                 0x080090f9   Thumb Code    34  mem.o(.text)
    rt_object_attach_sethook                 0x0800920d   Thumb Code     6  object.o(.text)
    rt_object_detach_sethook                 0x08009213   Thumb Code     6  object.o(.text)
    rt_object_trytake_sethook                0x08009219   Thumb Code     6  object.o(.text)
    rt_object_take_sethook                   0x0800921f   Thumb Code     6  object.o(.text)
    rt_object_put_sethook                    0x08009225   Thumb Code     6  object.o(.text)
    rt_system_object_init                    0x0800922b   Thumb Code     2  object.o(.text)
    rt_object_get_information                0x0800922d   Thumb Code    10  object.o(.text)
    rt_object_init                           0x08009237   Thumb Code    76  object.o(.text)
    rt_object_detach                         0x08009283   Thumb Code    56  object.o(.text)
    rt_object_allocate                       0x080092bb   Thumb Code   132  object.o(.text)
    rt_object_delete                         0x0800933f   Thumb Code    84  object.o(.text)
    rt_object_is_systemobject                0x08009393   Thumb Code    34  object.o(.text)
    rt_object_find                           0x080093b5   Thumb Code   126  object.o(.text)
    rt_scheduler_sethook                     0x080094c9   Thumb Code     6  scheduler.o(.text)
    rt_system_scheduler_init                 0x08009529   Thumb Code    56  scheduler.o(.text)
    rt_system_scheduler_start                0x08009561   Thumb Code    36  scheduler.o(.text)
    rt_schedule                              0x08009585   Thumb Code   134  scheduler.o(.text)
    rt_schedule_insert_thread                0x0800960b   Thumb Code    82  scheduler.o(.text)
    rt_schedule_remove_thread                0x0800965d   Thumb Code    94  scheduler.o(.text)
    rt_enter_critical                        0x080096bb   Thumb Code    28  scheduler.o(.text)
    rt_exit_critical                         0x080096d7   Thumb Code    54  scheduler.o(.text)
    rt_critical_level                        0x0800970d   Thumb Code     8  scheduler.o(.text)
    rt_thread_suspend_sethook                0x080097d1   Thumb Code     6  thread.o(.text)
    rt_thread_resume_sethook                 0x080097d7   Thumb Code     6  thread.o(.text)
    rt_thread_inited_sethook                 0x080097dd   Thumb Code     6  thread.o(.text)
    rt_thread_exit                           0x080097e3   Thumb Code    76  thread.o(.text)
    rt_thread_timeout                        0x0800982f   Thumb Code    66  thread.o(.text)
    rt_thread_init                           0x08009911   Thumb Code    74  thread.o(.text)
    rt_thread_self                           0x0800995b   Thumb Code     6  thread.o(.text)
    rt_thread_resume                         0x08009961   Thumb Code    96  thread.o(.text)
    rt_thread_startup                        0x080099c1   Thumb Code    84  thread.o(.text)
    rt_thread_detach                         0x08009a15   Thumb Code    80  thread.o(.text)
    rt_thread_create                         0x08009a65   Thumb Code    80  thread.o(.text)
    rt_thread_delete                         0x08009ab5   Thumb Code    70  thread.o(.text)
    rt_thread_yield                          0x08009afb   Thumb Code    88  thread.o(.text)
    rt_thread_suspend                        0x08009b53   Thumb Code   298  thread.o(.text)
    rt_thread_sleep                          0x08009c7d   Thumb Code    78  thread.o(.text)
    rt_thread_delay                          0x08009ccb   Thumb Code    12  thread.o(.text)
    rt_thread_control                        0x08009cd7   Thumb Code   130  thread.o(.text)
    rt_thread_find                           0x08009d59   Thumb Code    76  thread.o(.text)
    rt_timer_timeout_sethook                 0x08009dc3   Thumb Code     6  timer.o(.text)
    rt_timer_init                            0x08009e55   Thumb Code    58  timer.o(.text)
    rt_timer_detach                          0x08009e8f   Thumb Code    44  timer.o(.text)
    rt_timer_create                          0x08009ebb   Thumb Code    54  timer.o(.text)
    rt_timer_delete                          0x08009ef1   Thumb Code    46  timer.o(.text)
    rt_timer_start                           0x08009f1f   Thumb Code   292  timer.o(.text)
    rt_timer_stop                            0x0800a043   Thumb Code    80  timer.o(.text)
    rt_timer_control                         0x0800a093   Thumb Code    76  timer.o(.text)
    rt_timer_check                           0x0800a0df   Thumb Code   148  timer.o(.text)
    rt_timer_next_timeout_tick               0x0800a173   Thumb Code    10  timer.o(.text)
    rt_system_timer_init                     0x0800a17d   Thumb Code    24  timer.o(.text)
    rt_system_timer_thread_init              0x0800a195   Thumb Code     2  timer.o(.text)
    rt_hw_stack_init                         0x0800a211   Thumb Code    74  cpuport.o(.text)
    rt_hw_exception_install                  0x0800a25b   Thumb Code     6  cpuport.o(.text)
    rt_hw_hard_fault_exception               0x0800a261   Thumb Code   112  cpuport.o(.text)
    rt_hw_cpu_shutdown                       0x0800a2d1   Thumb Code    20  cpuport.o(.text)
    rt_hw_interrupt_disable                  0x0800a3a1   Thumb Code     8  context_rvds.o(.text)
    rt_hw_interrupt_enable                   0x0800a3a9   Thumb Code     6  context_rvds.o(.text)
    rt_hw_context_switch                     0x0800a3af   Thumb Code    32  context_rvds.o(.text)
    rt_hw_context_switch_interrupt           0x0800a3af   Thumb Code     0  context_rvds.o(.text)
    PendSV_Handler                           0x0800a3cf   Thumb Code   108  context_rvds.o(.text)
    rt_hw_context_switch_to                  0x0800a43b   Thumb Code    68  context_rvds.o(.text)
    rt_hw_interrupt_thread_switch            0x0800a47f   Thumb Code     2  context_rvds.o(.text)
    HardFault_Handler                        0x0800a481   Thumb Code    20  context_rvds.o(.text)
    rt_device_pin_register                   0x0800a55d   Thumb Code    56  pin.o(.text)
    rt_pin_attach_irq                        0x0800a595   Thumb Code    60  pin.o(.text)
    rt_pin_dettach_irq                       0x0800a5d1   Thumb Code    46  pin.o(.text)
    pin_irq_enable                           0x0800a5ff   Thumb Code    50  pin.o(.text)
    rt_pin_mode                              0x0800a631   Thumb Code    38  pin.o(.text)
    rt_pin_write                             0x0800a657   Thumb Code    38  pin.o(.text)
    rt_pin_read                              0x0800a67d   Thumb Code    34  pin.o(.text)
    rt_hw_serial_register                    0x0800ae8f   Thumb Code    76  serial.o(.text)
    rt_hw_serial_isr                         0x0800aedb   Thumb Code   498  serial.o(.text)
    rt_completion_init                       0x0800b2fd   Thumb Code    42  completion.o(.text)
    rt_completion_wait                       0x0800b327   Thumb Code   198  completion.o(.text)
    rt_completion_done                       0x0800b3ed   Thumb Code    76  completion.o(.text)
    rt_data_queue_init                       0x0800b4d3   Thumb Code    76  dataqueue.o(.text)
    rt_data_queue_push                       0x0800b51f   Thumb Code   282  dataqueue.o(.text)
    rt_data_queue_pop                        0x0800b639   Thumb Code   342  dataqueue.o(.text)
    rt_data_queue_peak                       0x0800b78f   Thumb Code   104  dataqueue.o(.text)
    rt_data_queue_reset                      0x0800b7f7   Thumb Code   106  dataqueue.o(.text)
    finsh_get_prompt                         0x0800b8e9   Thumb Code    38  shell.o(.text)
    finsh_set_device                         0x0800b931   Thumb Code   156  shell.o(.text)
    finsh_get_device                         0x0800b9cd   Thumb Code    28  shell.o(.text)
    finsh_set_echo                           0x0800b9e9   Thumb Code    30  shell.o(.text)
    finsh_get_echo                           0x0800ba07   Thumb Code    32  shell.o(.text)
    finsh_thread_entry                       0x0800bb13   Thumb Code  1568  shell.o(.text)
    finsh_system_function_init               0x0800c133   Thumb Code    10  shell.o(.text)
    finsh_system_var_init                    0x0800c13d   Thumb Code    10  shell.o(.text)
    finsh_system_init                        0x0800c147   Thumb Code   194  shell.o(.text)
    hello                                    0x0800c239   Thumb Code    12  cmd.o(.text)
    version                                  0x0800c245   Thumb Code    10  cmd.o(.text)
    list_thread                              0x0800c34d   Thumb Code    10  cmd.o(.text)
    list_sem                                 0x0800c40f   Thumb Code    12  cmd.o(.text)
    list_event                               0x0800c499   Thumb Code    12  cmd.o(.text)
    list_mutex                               0x0800c501   Thumb Code    12  cmd.o(.text)
    list_mailbox                             0x0800c5b1   Thumb Code    12  cmd.o(.text)
    list_msgqueue                            0x0800c927   Thumb Code    10  cmd.o(.text)
    list_mempool                             0x0800c9b7   Thumb Code    12  cmd.o(.text)
    list_timer                               0x0800ca33   Thumb Code    12  cmd.o(.text)
    list_device                              0x0800cabb   Thumb Code    12  cmd.o(.text)
    list                                     0x0800cac7   Thumb Code    54  cmd.o(.text)
    msh_is_used                              0x0800cd1d   Thumb Code     4  msh.o(.text)
    msh_help                                 0x0800cd21   Thumb Code    66  msh.o(.text)
    msh_exec                                 0x0800ced1   Thumb Code    82  msh.o(.text)
    msh_auto_complete                        0x0800cf43   Thumb Code   138  msh.o(.text)
    cmd_ps                                   0x0800d031   Thumb Code    14  msh_cmd.o(.text)
    cmd_time                                 0x0800d03f   Thumb Code     6  msh_cmd.o(.text)
    cmd_free                                 0x0800d045   Thumb Code    14  msh_cmd.o(.text)
    __aeabi_memcpy                           0x0800d053   Thumb Code    36  memcpya.o(.text)
    __aeabi_memcpy4                          0x0800d053   Thumb Code     0  memcpya.o(.text)
    __aeabi_memcpy8                          0x0800d053   Thumb Code     0  memcpya.o(.text)
    __aeabi_memset                           0x0800d077   Thumb Code    14  memseta.o(.text)
    __aeabi_memset4                          0x0800d077   Thumb Code     0  memseta.o(.text)
    __aeabi_memset8                          0x0800d077   Thumb Code     0  memseta.o(.text)
    __aeabi_memclr                           0x0800d085   Thumb Code     4  memseta.o(.text)
    __aeabi_memclr4                          0x0800d085   Thumb Code     0  memseta.o(.text)
    __aeabi_memclr8                          0x0800d085   Thumb Code     0  memseta.o(.text)
    _memset$wrapper                          0x0800d089   Thumb Code    18  memseta.o(.text)
    strcat                                   0x0800d09b   Thumb Code    24  strcat.o(.text)
    strlen                                   0x0800d0b3   Thumb Code    14  strlen.o(.text)
    strcpy                                   0x0800d0c1   Thumb Code    18  strcpy.o(.text)
    strncmp                                  0x0800d0d3   Thumb Code    30  strncmp.o(.text)
    __aeabi_d2f                              0x0800d0f1   Thumb Code    56  d2f.o(.text)
    __strtod_int                             0x0800d15f   Thumb Code    90  strtod.o(.text)
    __I$use$fp                               0x0800d1c5   Thumb Code     0  iusefp.o(.text)
    _float_round                             0x0800d1c5   Thumb Code    18  fepilogue.o(.text)
    _float_epilogue                          0x0800d1d7   Thumb Code    92  fepilogue.o(.text)
    __scatterload                            0x0800d235   Thumb Code    28  init.o(.text)
    __scatterload_rt2                        0x0800d235   Thumb Code     0  init.o(.text)
    isspace                                  0x0800d259   Thumb Code    10  isspace_c.o(.text)
    _scanf_real                              0x0800d365   Thumb Code     0  scanf_fp.o(.text)
    _scanf_really_real                       0x0800d365   Thumb Code   556  scanf_fp.o(.text)
    _sgetc                                   0x0800d59d   Thumb Code    30  _sgetc.o(.text)
    _sbackspace                              0x0800d5bb   Thumb Code    34  _sgetc.o(.text)
    __ctype_lookup                           0x0800d5dd   Thumb Code    34  ctype_c.o(.text)
    __aeabi_dmul                             0x0800d605   Thumb Code   228  dmul.o(.text)
    __aeabi_ddiv                             0x0800d6e9   Thumb Code   222  ddiv.o(.text)
    __aeabi_ul2d                             0x0800d7c7   Thumb Code    24  dfltul.o(.text)
    _double_round                            0x0800d7df   Thumb Code    30  depilogue.o(.text)
    _double_epilogue                         0x0800d7fd   Thumb Code   156  depilogue.o(.text)
    __aeabi_llsl                             0x0800d899   Thumb Code    30  llshl.o(.text)
    _ll_shift_l                              0x0800d899   Thumb Code     0  llshl.o(.text)
    __aeabi_llsr                             0x0800d8b7   Thumb Code    32  llushr.o(.text)
    _ll_ushift_r                             0x0800d8b7   Thumb Code     0  llushr.o(.text)
    __decompress                             0x0800d8d7   Thumb Code     0  __dczerorl2.o(.text)
    __decompress1                            0x0800d8d7   Thumb Code    86  __dczerorl2.o(.text)
    __hardfp_atof                            0x0800d931   Thumb Code    44  atof.o(i.__hardfp_atof)
    __read_errno                             0x0800d969   Thumb Code     6  errno.o(i.__read_errno)
    __scatterload_copy                       0x0800d975   Thumb Code    14  handlers.o(i.__scatterload_copy)
    __scatterload_null                       0x0800d983   Thumb Code     2  handlers.o(i.__scatterload_null)
    __scatterload_zeroinit                   0x0800d985   Thumb Code    14  handlers.o(i.__scatterload_zeroinit)
    __set_errno                              0x0800d995   Thumb Code     6  errno.o(i.__set_errno)
    _is_digit                                0x0800d9a1   Thumb Code    14  scanf_fp.o(i._is_digit)
    gImage_s                                 0x0800dd84   Data       307200  lcd_r61529.o(.constdata)
    __lowest_bit_bitmap                      0x08059019   Data         256  kservice.o(.constdata)
    __ctype_categories                       0x0805962a   Data          64  ctype_c.o(.constdata)
    __fsym___cmd_fsp_name                    0x080598b9   Data          10  fan_control.o(.rodata.name)
    __fsym___cmd_fsp_desc                    0x080598c3   Data          20  fan_control.o(.rodata.name)
    __fsym_list_mem_name                     0x080598d7   Data           9  mem.o(.rodata.name)
    __fsym_list_mem_desc                     0x080598e0   Data          30  mem.o(.rodata.name)
    __fsym_pinMode_name                      0x080598fe   Data           8  pin.o(.rodata.name)
    __fsym_pinMode_desc                      0x08059906   Data          22  pin.o(.rodata.name)
    __fsym_pinWrite_name                     0x0805991c   Data           9  pin.o(.rodata.name)
    __fsym_pinWrite_desc                     0x08059925   Data          28  pin.o(.rodata.name)
    __fsym_pinRead_name                      0x08059941   Data           8  pin.o(.rodata.name)
    __fsym_pinRead_desc                      0x08059949   Data          30  pin.o(.rodata.name)
    __fsym_hello_name                        0x08059967   Data           6  cmd.o(.rodata.name)
    __fsym_hello_desc                        0x0805996d   Data          16  cmd.o(.rodata.name)
    __fsym_version_name                      0x0805997d   Data           8  cmd.o(.rodata.name)
    __fsym_version_desc                      0x08059985   Data          35  cmd.o(.rodata.name)
    __fsym___cmd_version_name                0x080599a8   Data          14  cmd.o(.rodata.name)
    __fsym___cmd_version_desc                0x080599b6   Data          35  cmd.o(.rodata.name)
    __fsym_list_thread_name                  0x080599d9   Data          12  cmd.o(.rodata.name)
    __fsym_list_thread_desc                  0x080599e5   Data          12  cmd.o(.rodata.name)
    __fsym___cmd_list_thread_name            0x080599f1   Data          18  cmd.o(.rodata.name)
    __fsym___cmd_list_thread_desc            0x08059a03   Data          12  cmd.o(.rodata.name)
    __fsym_list_sem_name                     0x08059a0f   Data           9  cmd.o(.rodata.name)
    __fsym_list_sem_desc                     0x08059a18   Data          25  cmd.o(.rodata.name)
    __fsym___cmd_list_sem_name               0x08059a31   Data          15  cmd.o(.rodata.name)
    __fsym___cmd_list_sem_desc               0x08059a40   Data          25  cmd.o(.rodata.name)
    __fsym_list_event_name                   0x08059a59   Data          11  cmd.o(.rodata.name)
    __fsym_list_event_desc                   0x08059a64   Data          21  cmd.o(.rodata.name)
    __fsym___cmd_list_event_name             0x08059a79   Data          17  cmd.o(.rodata.name)
    __fsym___cmd_list_event_desc             0x08059a8a   Data          21  cmd.o(.rodata.name)
    __fsym_list_mutex_name                   0x08059a9f   Data          11  cmd.o(.rodata.name)
    __fsym_list_mutex_desc                   0x08059aaa   Data          21  cmd.o(.rodata.name)
    __fsym___cmd_list_mutex_name             0x08059abf   Data          17  cmd.o(.rodata.name)
    __fsym___cmd_list_mutex_desc             0x08059ad0   Data          21  cmd.o(.rodata.name)
    __fsym_list_mailbox_name                 0x08059ae5   Data          13  cmd.o(.rodata.name)
    __fsym_list_mailbox_desc                 0x08059af2   Data          24  cmd.o(.rodata.name)
    __fsym___cmd_list_mailbox_name           0x08059b0a   Data          19  cmd.o(.rodata.name)
    __fsym___cmd_list_mailbox_desc           0x08059b1d   Data          24  cmd.o(.rodata.name)
    __fsym_list_msgqueue_name                0x08059b35   Data          14  cmd.o(.rodata.name)
    __fsym_list_msgqueue_desc                0x08059b43   Data          29  cmd.o(.rodata.name)
    __fsym___cmd_list_msgqueue_name          0x08059b60   Data          20  cmd.o(.rodata.name)
    __fsym___cmd_list_msgqueue_desc          0x08059b74   Data          29  cmd.o(.rodata.name)
    __fsym_list_mempool_name                 0x08059b91   Data          13  cmd.o(.rodata.name)
    __fsym_list_mempool_desc                 0x08059b9e   Data          27  cmd.o(.rodata.name)
    __fsym___cmd_list_mempool_name           0x08059bb9   Data          19  cmd.o(.rodata.name)
    __fsym___cmd_list_mempool_desc           0x08059bcc   Data          27  cmd.o(.rodata.name)
    __fsym_list_timer_name                   0x08059be7   Data          11  cmd.o(.rodata.name)
    __fsym_list_timer_desc                   0x08059bf2   Data          21  cmd.o(.rodata.name)
    __fsym___cmd_list_timer_name             0x08059c07   Data          17  cmd.o(.rodata.name)
    __fsym___cmd_list_timer_desc             0x08059c18   Data          21  cmd.o(.rodata.name)
    __fsym_list_device_name                  0x08059c2d   Data          12  cmd.o(.rodata.name)
    __fsym_list_device_desc                  0x08059c39   Data          22  cmd.o(.rodata.name)
    __fsym___cmd_list_device_name            0x08059c4f   Data          18  cmd.o(.rodata.name)
    __fsym___cmd_list_device_desc            0x08059c61   Data          22  cmd.o(.rodata.name)
    __fsym_list_name                         0x08059c77   Data           5  cmd.o(.rodata.name)
    __fsym_list_desc                         0x08059c7c   Data          26  cmd.o(.rodata.name)
    __fsym___cmd_help_name                   0x08059c96   Data          11  msh.o(.rodata.name)
    __fsym___cmd_help_desc                   0x08059ca1   Data          22  msh.o(.rodata.name)
    __fsym___cmd_ps_name                     0x08059cb7   Data           9  msh_cmd.o(.rodata.name)
    __fsym___cmd_ps_desc                     0x08059cc0   Data          28  msh_cmd.o(.rodata.name)
    __fsym___cmd_time_name                   0x08059cdc   Data          11  msh_cmd.o(.rodata.name)
    __fsym___cmd_time_desc                   0x08059ce7   Data          27  msh_cmd.o(.rodata.name)
    __fsym___cmd_free_name                   0x08059d02   Data          11  msh_cmd.o(.rodata.name)
    __fsym___cmd_free_desc                   0x08059d0d   Data          37  msh_cmd.o(.rodata.name)
    FSymTab$$Base                            0x08059d34   Number         0  fan_control.o(FSymTab)
    __fsym___cmd_fsp                         0x08059d34   Data          12  fan_control.o(FSymTab)
    __fsym_list_mem                          0x08059d40   Data          12  mem.o(FSymTab)
    __fsym_pinMode                           0x08059d4c   Data          12  pin.o(FSymTab)
    __fsym_pinWrite                          0x08059d58   Data          12  pin.o(FSymTab)
    __fsym_pinRead                           0x08059d64   Data          12  pin.o(FSymTab)
    __fsym_hello                             0x08059d70   Data          12  cmd.o(FSymTab)
    __fsym_version                           0x08059d7c   Data          12  cmd.o(FSymTab)
    __fsym___cmd_version                     0x08059d88   Data          12  cmd.o(FSymTab)
    __fsym_list_thread                       0x08059d94   Data          12  cmd.o(FSymTab)
    __fsym___cmd_list_thread                 0x08059da0   Data          12  cmd.o(FSymTab)
    __fsym_list_sem                          0x08059dac   Data          12  cmd.o(FSymTab)
    __fsym___cmd_list_sem                    0x08059db8   Data          12  cmd.o(FSymTab)
    __fsym_list_event                        0x08059dc4   Data          12  cmd.o(FSymTab)
    __fsym___cmd_list_event                  0x08059dd0   Data          12  cmd.o(FSymTab)
    __fsym_list_mutex                        0x08059ddc   Data          12  cmd.o(FSymTab)
    __fsym___cmd_list_mutex                  0x08059de8   Data          12  cmd.o(FSymTab)
    __fsym_list_mailbox                      0x08059df4   Data          12  cmd.o(FSymTab)
    __fsym___cmd_list_mailbox                0x08059e00   Data          12  cmd.o(FSymTab)
    __fsym_list_msgqueue                     0x08059e0c   Data          12  cmd.o(FSymTab)
    __fsym___cmd_list_msgqueue               0x08059e18   Data          12  cmd.o(FSymTab)
    __fsym_list_mempool                      0x08059e24   Data          12  cmd.o(FSymTab)
    __fsym___cmd_list_mempool                0x08059e30   Data          12  cmd.o(FSymTab)
    __fsym_list_timer                        0x08059e3c   Data          12  cmd.o(FSymTab)
    __fsym___cmd_list_timer                  0x08059e48   Data          12  cmd.o(FSymTab)
    __fsym_list_device                       0x08059e54   Data          12  cmd.o(FSymTab)
    __fsym___cmd_list_device                 0x08059e60   Data          12  cmd.o(FSymTab)
    __fsym_list                              0x08059e6c   Data          12  cmd.o(FSymTab)
    __fsym___cmd_help                        0x08059e78   Data          12  msh.o(FSymTab)
    __fsym___cmd_ps                          0x08059e84   Data          12  msh_cmd.o(FSymTab)
    __fsym___cmd_time                        0x08059e90   Data          12  msh_cmd.o(FSymTab)
    __fsym___cmd_free                        0x08059e9c   Data          12  msh_cmd.o(FSymTab)
    FSymTab$$Limit                           0x08059ea8   Number         0  msh_cmd.o(FSymTab)
    Region$$Table$$Base                      0x08059ea8   Number         0  anon$$obj.o(Region$$Table)
    Region$$Table$$Limit                     0x08059ec8   Number         0  anon$$obj.o(Region$$Table)
    uart1                                    0x20000000   Data          32  usart.o(.data)
    uart2                                    0x20000020   Data          32  usart.o(.data)
    uart3                                    0x20000040   Data          32  usart.o(.data)
    SystemCoreClock                          0x20000064   Data           4  system_stm32f4xx.o(.data)
    AHBPrescTable                            0x20000068   Data          16  system_stm32f4xx.o(.data)
    rt_interrupt_nest                        0x20000098   Data           1  irq.o(.data)
    rt_assert_hook                           0x200000a4   Data           4  kservice.o(.data)
    rt_object_container                      0x200000c8   Data         144  object.o(.data)
    rt_object_trytake_hook                   0x20000160   Data           4  object.o(.data)
    rt_object_take_hook                      0x20000164   Data           4  object.o(.data)
    rt_object_put_hook                       0x20000168   Data           4  object.o(.data)
    rt_current_thread                        0x20000170   Data           4  scheduler.o(.data)
    rt_current_priority                      0x20000174   Data           1  scheduler.o(.data)
    rt_thread_ready_priority_group           0x20000178   Data           4  scheduler.o(.data)
    rt_thread_defunct                        0x2000017c   Data           8  scheduler.o(.data)
    rt_interrupt_from_thread                 0x200001a4   Data           4  cpuport.o(.data)
    rt_interrupt_to_thread                   0x200001a8   Data           4  cpuport.o(.data)
    rt_thread_switch_interrupt_flag          0x200001ac   Data           4  cpuport.o(.data)
    shell                                    0x200001b4   Data           4  shell.o(.data)
    _syscall_table_begin                     0x200001b8   Data           4  symbol.o(.data)
    _syscall_table_end                       0x200001bc   Data           4  symbol.o(.data)
    _sysvar_table_begin                      0x200001c0   Data           4  symbol.o(.data)
    _sysvar_table_end                        0x200001c4   Data           4  symbol.o(.data)
    serial1                                  0x200001cc   Data          84  usart.o(.bss)
    serial2                                  0x20000220   Data          84  usart.o(.bss)
    serial3                                  0x20000274   Data          84  usart.o(.bss)
    rt_thread_priority_table                 0x200007e8   Data         256  scheduler.o(.bss)
    Image$$RW_IRAM1$$ZI$$Limit               0x20001630   Number         0  anon$$obj.o ABSOLUTE
    __initial_sp                             0x20001630   Data           0  startup_stm32f4xx.o(STACK)



==============================================================================

Memory Map of the image

  Image Entry point : 0x08000189

  Load Region LR_IROM1 (Base: 0x08000000, Size: 0x0005a094, Max: 0x00100000, ABSOLUTE, COMPRESSED[0x00059f58])

    Execution Region ER_IROM1 (Base: 0x08000000, Size: 0x00059ec8, Max: 0x00100000, ABSOLUTE)

    Base Addr    Size         Type   Attr      Idx    E Section Name        Object

    0x08000000   0x00000188   Data   RO          861    RESET               startup_stm32f4xx.o
    0x08000188   0x00000000   Code   RO         1376  * .ARM.Collect$$$$00000000  mc_w.l(entry.o)
    0x08000188   0x00000004   Code   RO         1395    .ARM.Collect$$$$00000001  mc_w.l(entry2.o)
    0x0800018c   0x00000004   Code   RO         1398    .ARM.Collect$$$$00000004  mc_w.l(entry5.o)
    0x08000190   0x00000000   Code   RO         1400    .ARM.Collect$$$$00000008  mc_w.l(entry7b.o)
    0x08000190   0x00000000   Code   RO         1402    .ARM.Collect$$$$0000000A  mc_w.l(entry8b.o)
    0x08000190   0x00000008   Code   RO         1403    .ARM.Collect$$$$0000000B  mc_w.l(entry9a.o)
    0x08000198   0x00000000   Code   RO         1405    .ARM.Collect$$$$0000000D  mc_w.l(entry10a.o)
    0x08000198   0x00000000   Code   RO         1407    .ARM.Collect$$$$0000000F  mc_w.l(entry11a.o)
    0x08000198   0x00000004   Code   RO         1396    .ARM.Collect$$$$00002712  mc_w.l(entry2.o)
    0x0800019c   0x00000078   Code   RO            2    .text               application.o
    0x08000214   0x000000cc   Code   RO          150    .text               startup.o
    0x080002e0   0x000000b4   Code   RO          170    .text               board.o
    0x08000394   0x00000010   Code   RO          196    .text               stm32f4xx_it.o
    0x080003a4   0x000005c4   Code   RO          212    .text               usart.o
    0x08000968   0x00000218   Code   RO          246    .text               platform.o
    0x08000b80   0x00000074   Code   RO          262    .text               fan_control.o
    0x08000bf4   0x0000010c   Code   RO          299    .text               gpio.o
    0x08000d00   0x0000055c   Code   RO          317    .text               lcd_r61529.o
    0x0800125c   0x00000210   Code   RO          340    .text               system_stm32f4xx.o
    0x0800146c   0x000001ec   Code   RO          362    .text               misc.o
    0x08001658   0x00000610   Code   RO          490    .text               stm32f4xx_dac.o
    0x08001c68   0x000013cc   Code   RO          538    .text               stm32f4xx_dma.o
    0x08003034   0x00000d9c   Code   RO          586    .text               stm32f4xx_fsmc.o
    0x08003dd0   0x00000916   Code   RO          602    .text               stm32f4xx_gpio.o
    0x080046e6   0x00000002   PAD
    0x080046e8   0x00000d7c   Code   RO          714    .text               stm32f4xx_rcc.o
    0x08005464   0x00000eb4   Code   RO          828    .text               stm32f4xx_usart.o
    0x08006318   0x00000024   Code   RO          862    .text               startup_stm32f4xx.o
    0x0800633c   0x00000064   Code   RO          866    .text               clock.o
    0x080063a0   0x00000324   Code   RO          880    .text               device.o
    0x080066c4   0x00000138   Code   RO          894    .text               idle.o
    0x080067fc   0x00001654   Code   RO          914    .text               ipc.o
    0x08007e50   0x0000007c   Code   RO          931    .text               irq.o
    0x08007ecc   0x00000aac   Code   RO          946    .text               kservice.o
    0x08008978   0x00000874   Code   RO          966    .text               mem.o
    0x080091ec   0x000002dc   Code   RO         1004    .text               object.o
    0x080094c8   0x000002e8   Code   RO         1023    .text               scheduler.o
    0x080097b0   0x00000604   Code   RO         1044    .text               thread.o
    0x08009db4   0x0000045c   Code   RO         1063    .text               timer.o
    0x0800a210   0x00000190   Code   RO         1082    .text               cpuport.o
    0x0800a3a0   0x0000010c   Code   RO         1098    .text               context_rvds.o
    0x0800a4ac   0x00000250   Code   RO         1136    .text               pin.o
    0x0800a6fc   0x00000c00   Code   RO         1154    .text               serial.o
    0x0800b2fc   0x000001c8   Code   RO         1167    .text               completion.o
    0x0800b4c4   0x00000424   Code   RO         1183    .text               dataqueue.o
    0x0800b8e8   0x0000093c   Code   RO         1272    .text               shell.o
    0x0800c224   0x00000af8   Code   RO         1309    .text               cmd.o
    0x0800cd1c   0x00000314   Code   RO         1331    .text               msh.o
    0x0800d030   0x00000022   Code   RO         1348    .text               msh_cmd.o
    0x0800d052   0x00000024   Code   RO         1379    .text               mc_w.l(memcpya.o)
    0x0800d076   0x00000024   Code   RO         1381    .text               mc_w.l(memseta.o)
    0x0800d09a   0x00000018   Code   RO         1383    .text               mc_w.l(strcat.o)
    0x0800d0b2   0x0000000e   Code   RO         1385    .text               mc_w.l(strlen.o)
    0x0800d0c0   0x00000012   Code   RO         1387    .text               mc_w.l(strcpy.o)
    0x0800d0d2   0x0000001e   Code   RO         1389    .text               mc_w.l(strncmp.o)
    0x0800d0f0   0x00000038   Code   RO         1393    .text               mf_w.l(d2f.o)
    0x0800d128   0x0000009c   Code   RO         1416    .text               mc_w.l(strtod.o)
    0x0800d1c4   0x00000000   Code   RO         1418    .text               mc_w.l(iusefp.o)
    0x0800d1c4   0x0000006e   Code   RO         1419    .text               mf_w.l(fepilogue.o)
    0x0800d232   0x00000002   PAD
    0x0800d234   0x00000024   Code   RO         1421    .text               mc_w.l(init.o)
    0x0800d258   0x0000000a   Code   RO         1423    .text               mc_w.l(isspace_c.o)
    0x0800d262   0x00000002   PAD
    0x0800d264   0x00000338   Code   RO         1425    .text               mc_w.l(scanf_fp.o)
    0x0800d59c   0x00000040   Code   RO         1429    .text               mc_w.l(_sgetc.o)
    0x0800d5dc   0x00000028   Code   RO         1431    .text               mc_w.l(ctype_c.o)
    0x0800d604   0x000000e4   Code   RO         1434    .text               mf_w.l(dmul.o)
    0x0800d6e8   0x000000de   Code   RO         1436    .text               mf_w.l(ddiv.o)
    0x0800d7c6   0x00000018   Code   RO         1438    .text               mf_w.l(dfltul.o)
    0x0800d7de   0x000000ba   Code   RO         1440    .text               mf_w.l(depilogue.o)
    0x0800d898   0x0000001e   Code   RO         1442    .text               mc_w.l(llshl.o)
    0x0800d8b6   0x00000020   Code   RO         1444    .text               mc_w.l(llushr.o)
    0x0800d8d6   0x00000056   Code   RO         1454    .text               mc_w.l(__dczerorl2.o)
    0x0800d92c   0x00000004   PAD
    0x0800d930   0x00000038   Code   RO         1370    i.__hardfp_atof     m_wm.l(atof.o)
    0x0800d968   0x0000000c   Code   RO         1410    i.__read_errno      mc_w.l(errno.o)
    0x0800d974   0x0000000e   Code   RO         1448    i.__scatterload_copy  mc_w.l(handlers.o)
    0x0800d982   0x00000002   Code   RO         1449    i.__scatterload_null  mc_w.l(handlers.o)
    0x0800d984   0x0000000e   Code   RO         1450    i.__scatterload_zeroinit  mc_w.l(handlers.o)
    0x0800d992   0x00000002   PAD
    0x0800d994   0x0000000c   Code   RO         1411    i.__set_errno       mc_w.l(errno.o)
    0x0800d9a0   0x0000000e   Code   RO         1427    i._is_digit         mc_w.l(scanf_fp.o)
    0x0800d9ae   0x00000002   PAD
    0x0800d9b0   0x0000005c   Data   RO          214    .constdata          usart.o
    0x0800da0c   0x00000378   Data   RO          300    .constdata          gpio.o
    0x0800dd84   0x0004b000   Data   RO          318    .constdata          lcd_r61529.o
    0x08058d84   0x000000a8   Data   RO          881    .constdata          device.o
    0x08058e2c   0x00000016   Data   RO          896    .constdata          idle.o
    0x08058e42   0x000001d7   Data   RO          915    .constdata          ipc.o
    0x08059019   0x00000122   Data   RO          948    .constdata          kservice.o
    0x0805913b   0x00000046   Data   RO          968    .constdata          mem.o
    0x08059181   0x0000005e   Data   RO         1005    .constdata          object.o
    0x080591df   0x0000004e   Data   RO         1025    .constdata          scheduler.o
    0x0805922d   0x000000aa   Data   RO         1045    .constdata          thread.o
    0x080592d7   0x0000005c   Data   RO         1064    .constdata          timer.o
    0x08059333   0x00000013   Data   RO         1083    .constdata          cpuport.o
    0x08059346   0x0000007b   Data   RO         1138    .constdata          pin.o
    0x080593c1   0x00000124   Data   RO         1155    .constdata          serial.o
    0x080594e5   0x00000039   Data   RO         1168    .constdata          completion.o
    0x0805951e   0x0000004b   Data   RO         1184    .constdata          dataqueue.o
    0x08059569   0x00000060   Data   RO         1274    .constdata          shell.o
    0x080595c9   0x00000003   PAD
    0x080595cc   0x00000050   Data   RO         1310    .constdata          cmd.o
    0x0805961c   0x0000000e   Data   RO         1332    .constdata          msh.o
    0x0805962a   0x00000040   Data   RO         1432    .constdata          mc_w.l(ctype_c.o)
    0x0805966a   0x00000002   PAD
    0x0805966c   0x000000ed   Data   RO          969    .conststring        mem.o
    0x08059759   0x00000003   PAD
    0x0805975c   0x0000015d   Data   RO         1311    .conststring        cmd.o
    0x080598b9   0x0000001e   Data   RO          263    .rodata.name        fan_control.o
    0x080598d7   0x00000027   Data   RO          971    .rodata.name        mem.o
    0x080598fe   0x00000069   Data   RO         1139    .rodata.name        pin.o
    0x08059967   0x0000032f   Data   RO         1312    .rodata.name        cmd.o
    0x08059c96   0x00000021   Data   RO         1333    .rodata.name        msh.o
    0x08059cb7   0x0000007b   Data   RO         1349    .rodata.name        msh_cmd.o
    0x08059d32   0x00000002   PAD
    0x08059d34   0x0000000c   Data   RO          264    FSymTab             fan_control.o
    0x08059d40   0x0000000c   Data   RO          972    FSymTab             mem.o
    0x08059d4c   0x00000024   Data   RO         1140    FSymTab             pin.o
    0x08059d70   0x00000108   Data   RO         1313    FSymTab             cmd.o
    0x08059e78   0x0000000c   Data   RO         1334    FSymTab             msh.o
    0x08059e84   0x00000024   Data   RO         1350    FSymTab             msh_cmd.o
    0x08059ea8   0x00000020   Data   RO         1446    Region$$Table       anon$$obj.o


    Execution Region RW_IRAM1 (Base: 0x20000000, Size: 0x00001630, Max: 0x00020000, ABSOLUTE, COMPRESSED[0x00000090])

    Base Addr    Size         Type   Attr      Idx    E Section Name        Object

    0x20000000   0x00000060   Data   RW          215    .data               usart.o
    0x20000060   0x00000004   Data   RW          319    .data               lcd_r61529.o
    0x20000064   0x00000014   Data   RW          341    .data               system_stm32f4xx.o
    0x20000078   0x00000010   Data   RW          715    .data               stm32f4xx_rcc.o
    0x20000088   0x00000004   Data   RW          867    .data               clock.o
    0x2000008c   0x00000004   Data   RW          897    .data               idle.o
    0x20000090   0x00000009   Data   RW          932    .data               irq.o
    0x20000099   0x00000003   PAD
    0x2000009c   0x0000000c   Data   RW          949    .data               kservice.o
    0x200000a8   0x00000020   Data   RW          970    .data               mem.o
    0x200000c8   0x000000a4   Data   RW         1006    .data               object.o
    0x2000016c   0x0000001c   Data   RW         1026    .data               scheduler.o
    0x20000188   0x0000000c   Data   RW         1046    .data               thread.o
    0x20000194   0x00000010   Data   RW         1065    .data               timer.o
    0x200001a4   0x00000010   Data   RW         1084    .data               cpuport.o
    0x200001b4   0x00000004   Data   RW         1275    .data               shell.o
    0x200001b8   0x00000010   Data   RW         1296    .data               symbol.o
    0x200001c8   0x00000004   Data   RW         1412    .data               mc_w.l(errno.o)
    0x200001cc   0x000000fc   Zero   RW          213    .bss                usart.o
    0x200002c8   0x00000480   Zero   RW          895    .bss                idle.o
    0x20000748   0x00000080   Zero   RW          947    .bss                kservice.o
    0x200007c8   0x00000020   Zero   RW          967    .bss                mem.o
    0x200007e8   0x00000100   Zero   RW         1024    .bss                scheduler.o
    0x200008e8   0x00000044   Zero   RW         1137    .bss                pin.o
    0x2000092c   0x00000901   Zero   RW         1273    .bss                shell.o
    0x2000122d   0x00000003   PAD
    0x20001230   0x00000400   Zero   RW          859    STACK               startup_stm32f4xx.o


==============================================================================

Image component sizes


      Code (inc. data)   RO Data    RW Data    ZI Data      Debug   Object Name

       120         32          0          0          0     274198   application.o
       180         18          0          0          0      19291   board.o
       100          6          0          4          0       1624   clock.o
      2808       1216       1508          0          0      12482   cmd.o
       456        124         57          0          0       3299   completion.o
       268         24          0          0          0        832   context_rvds.o
       400        188         19         16          0       3811   cpuport.o
      1060        114         75          0          0       6365   dataqueue.o
       804        132        168          0          0       5009   device.o
       116          6         42          0          0       6000   fan_control.o
       268         12        888          0          0       2530   gpio.o
       312         74         22          4       1152       3549   idle.o
      5716        422        471          0          0      20523   ipc.o
       124         14          0          9          0       2004   irq.o
      2732        230        290         12        128      12532   kservice.o
      1372         22     307200          4          0       6804   lcd_r61529.o
      2164        560        358         32         32       5631   mem.o
       492         74          0          0          0       2109   misc.o
       788        100         59          0          0       4312   msh.o
        34          0        159          0          0       2379   msh_cmd.o
       732        150         94        164          0       6168   object.o
       592         94        264          0         68       5132   pin.o
       536         26          0          0          0       1219   platform.o
       744        150         78         28        256       5137   scheduler.o
      3072        434        292          0          0       9441   serial.o
      2364        250         96          4       2305       6093   shell.o
       204         98          0          0          0       1355   startup.o
        36          8        392          0       1024        884   startup_stm32f4xx.o
      1552         70          0          0          0       5861   stm32f4xx_dac.o
      5068        352          0          0          0       9033   stm32f4xx_dma.o
      3484         76          0          0          0       6887   stm32f4xx_fsmc.o
      2326        132          0          0          0       5489   stm32f4xx_gpio.o
        16          0          0          0          0        824   stm32f4xx_it.o
      3452        262          0         16          0      13575   stm32f4xx_rcc.o
      3764        164          0          0          0      10160   stm32f4xx_usart.o
         0          0          0         16          0       4485   symbol.o
       528         46          0         20          0       1991   system_stm32f4xx.o
      1540        220        170         12          0       8917   thread.o
      1116        100         92         16          0       7287   timer.o
      1476        152         92         96        252      31163   usart.o

    ----------------------------------------------------------------------
     52918       6152     312926        456       5220     536385   Object Totals
         0          0         32          0          0          0   (incl. Generated)
         2          0          8          3          3          0   (incl. Padding)

    ----------------------------------------------------------------------

      Code (inc. data)   RO Data    RW Data    ZI Data      Debug   Library Member Name

        56         12          0          0          0        132   atof.o
        86          0          0          0          0          0   __dczerorl2.o
        64          0          0          0          0         84   _sgetc.o
        40          6         64          0          0         68   ctype_c.o
         0          0          0          0          0          0   entry.o
         0          0          0          0          0          0   entry10a.o
         0          0          0          0          0          0   entry11a.o
         8          4          0          0          0          0   entry2.o
         4          0          0          0          0          0   entry5.o
         0          0          0          0          0          0   entry7b.o
         0          0          0          0          0          0   entry8b.o
         8          4          0          0          0          0   entry9a.o
        24         12          0          4          0        136   errno.o
        30          0          0          0          0          0   handlers.o
        36          8          0          0          0         68   init.o
        10          0          0          0          0         68   isspace_c.o
         0          0          0          0          0          0   iusefp.o
        30          0          0          0          0         68   llshl.o
        32          0          0          0          0         68   llushr.o
        36          0          0          0          0         68   memcpya.o
        36          0          0          0          0        108   memseta.o
       838         12          0          0          0        216   scanf_fp.o
        24          0          0          0          0         68   strcat.o
        18          0          0          0          0         68   strcpy.o
        14          0          0          0          0         68   strlen.o
        30          0          0          0          0         80   strncmp.o
       156         12          0          0          0        120   strtod.o
        56          0          0          0          0         88   d2f.o
       222          0          0          0          0        100   ddiv.o
       186          0          0          0          0        176   depilogue.o
        24          0          0          0          0         76   dfltul.o
       228          0          0          0          0         96   dmul.o
       110          0          0          0          0        168   fepilogue.o

    ----------------------------------------------------------------------
      2418         70         66          4          0       2192   Library Totals
        12          0          2          0          0          0   (incl. Padding)

    ----------------------------------------------------------------------

      Code (inc. data)   RO Data    RW Data    ZI Data      Debug   Library Name

        56         12          0          0          0        132   m_wm.l
      1524         58         64          4          0       1356   mc_w.l
       826          0          0          0          0        704   mf_w.l

    ----------------------------------------------------------------------
      2418         70         66          4          0       2192   Library Totals

    ----------------------------------------------------------------------

==============================================================================


      Code (inc. data)   RO Data    RW Data    ZI Data      Debug   

     55336       6222     312992        460       5220     530673   Grand Totals
     55336       6222     312992        144       5220     530673   ELF Image Totals (compressed)
     55336       6222     312992        144          0          0   ROM Totals

==============================================================================

    Total RO  Size (Code + RO Data)               368328 ( 359.70kB)
    Total RW  Size (RW Data + ZI Data)              5680 (   5.55kB)
    Total ROM Size (Code + RO Data + RW Data)     368472 ( 359.84kB)

==============================================================================

