Component: ARM Compiler 5.06 update 3 (build 300) Tool: armlink [4d35c9]

==============================================================================

Section Cross References

    application.o(.text) refers to stm32f4xx_gpio.o(.text) for GPIO_ToggleBits
    application.o(.text) refers to thread.o(.text) for rt_thread_create
    application.o(.text) refers to platform.o(.text) for rt_platform_init
    startup.o(.text) refers to kservice.o(.text) for rt_kprintf
    startup.o(.text) refers to board.o(.text) for rt_hw_board_init
    startup.o(.text) refers to clock.o(.text) for rt_system_tick_init
    startup.o(.text) refers to object.o(.text) for rt_system_object_init
    startup.o(.text) refers to timer.o(.text) for rt_system_timer_init
    startup.o(.text) refers to mem.o(.text) for rt_system_heap_init
    startup.o(.text) refers to scheduler.o(.text) for rt_system_scheduler_init
    startup.o(.text) refers to application.o(.text) for rt_application_init
    startup.o(.text) refers to shell.o(.text) for finsh_system_init
    startup.o(.text) refers to idle.o(.text) for rt_thread_idle_init
    startup.o(.text) refers to context_rvds.o(.text) for rt_hw_interrupt_disable
    board.o(.text) refers to misc.o(.text) for NVIC_SetVectorTable
    board.o(.text) refers to stm32f4xx_rcc.o(.text) for RCC_GetClocksFreq
    board.o(.text) refers to irq.o(.text) for rt_interrupt_enter
    board.o(.text) refers to clock.o(.text) for rt_tick_increase
    board.o(.text) refers to usart.o(.text) for stm32_hw_usart_init
    board.o(.text) refers to gpio.o(.text) for stm32_hw_pin_init
    board.o(.text) refers to kservice.o(.text) for rt_console_set_device
    usart.o(.text) refers to kservice.o(.text) for rt_assert_handler
    usart.o(.text) refers to stm32f4xx_usart.o(.text) for USART_Init
    usart.o(.text) refers to stm32f4xx_dma.o(.text) for DMA_DeInit
    usart.o(.text) refers to stm32f4xx_rcc.o(.text) for RCC_AHB1PeriphClockCmd
    usart.o(.text) refers to misc.o(.text) for NVIC_Init
    usart.o(.text) refers to context_rvds.o(.text) for rt_hw_interrupt_disable
    usart.o(.text) refers to serial.o(.text) for rt_hw_serial_isr
    usart.o(.text) refers to irq.o(.text) for rt_interrupt_enter
    usart.o(.text) refers to usart.o(.constdata) for __FUNCTION__
    usart.o(.text) refers to usart.o(.bss) for serial1
    usart.o(.text) refers to stm32f4xx_gpio.o(.text) for GPIO_Init
    usart.o(.text) refers to usart.o(.data) for uart1
    usart.o(.constdata) refers to usart.o(.text) for stm32_configure
    platform.o(.text) refers to stm32f4xx_rcc.o(.text) for RCC_AHB1PeriphClockCmd
    platform.o(.text) refers to stm32f4xx_gpio.o(.text) for GPIO_Init
    platform.o(.text) refers to stm32f4xx_fsmc.o(.text) for FSMC_NORSRAMInit
    platform.o(.text) refers to stm32f4xx_dac.o(.text) for DAC_Init
    platform.o(.text) refers to lcd_r61529.o(.text) for r61529_read_id
    fan_control.o(.text) refers to stm32f4xx_dac.o(.text) for DAC_SetChannel1Data
    fan_control.o(.text) refers to atof.o(i.__hardfp_atof) for __hardfp_atof
    fan_control.o(.text) refers to d2f.o(.text) for __aeabi_d2f
    fan_control.o(FSymTab) refers to fan_control.o(.rodata.name) for __fsym___cmd_fsp_name
    fan_control.o(FSymTab) refers to fan_control.o(.text) for cmd_fan_speed_set
    gpio.o(.text) refers to stm32f4xx_gpio.o(.text) for GPIO_ResetBits
    gpio.o(.text) refers to stm32f4xx_rcc.o(.text) for RCC_AHB1PeriphClockCmd
    gpio.o(.text) refers to pin.o(.text) for rt_device_pin_register
    gpio.o(.text) refers to gpio.o(.constdata) for pins
    gpio.o(.constdata) refers to gpio.o(.text) for stm32_pin_mode
    lcd_r61529.o(.text) refers to kservice.o(.text) for rt_kprintf
    lcd_r61529.o(.text) refers to thread.o(.text) for rt_thread_delay
    lcd_r61529.o(.text) refers to lcd_r61529.o(.data) for lcd_width
    system_stm32f4xx.o(.text) refers to system_stm32f4xx.o(.data) for SystemCoreClock
    misc.o(.text) refers to startup.o(.text) for assert_failed
    stm32f4xx_adc.o(.text) refers to stm32f4xx_rcc.o(.text) for RCC_APB2PeriphResetCmd
    stm32f4xx_adc.o(.text) refers to startup.o(.text) for assert_failed
    stm32f4xx_can.o(.text) refers to startup.o(.text) for assert_failed
    stm32f4xx_can.o(.text) refers to stm32f4xx_rcc.o(.text) for RCC_APB1PeriphResetCmd
    stm32f4xx_cryp.o(.text) refers to stm32f4xx_rcc.o(.text) for RCC_AHB2PeriphResetCmd
    stm32f4xx_cryp.o(.text) refers to startup.o(.text) for assert_failed
    stm32f4xx_cryp_aes.o(.text) refers to stm32f4xx_cryp.o(.text) for CRYP_KeyStructInit
    stm32f4xx_cryp_des.o(.text) refers to stm32f4xx_cryp.o(.text) for CRYP_KeyStructInit
    stm32f4xx_cryp_tdes.o(.text) refers to stm32f4xx_cryp.o(.text) for CRYP_KeyStructInit
    stm32f4xx_dac.o(.text) refers to stm32f4xx_rcc.o(.text) for RCC_APB1PeriphResetCmd
    stm32f4xx_dac.o(.text) refers to startup.o(.text) for assert_failed
    stm32f4xx_dbgmcu.o(.text) refers to startup.o(.text) for assert_failed
[...]
    __FUNCTION__                             0x0800e2ae   Data          29  serial.o(.constdata)
    __FUNCTION__                             0x0800e2cb   Data          29  serial.o(.constdata)
    __FUNCTION__                             0x0800e2e8   Data          15  serial.o(.constdata)
    __FUNCTION__                             0x0800e2f7   Data          15  serial.o(.constdata)
    __FUNCTION__                             0x0800e306   Data          15  serial.o(.constdata)
    __FUNCTION__                             0x0800e315   Data          16  serial.o(.constdata)
    __FUNCTION__                             0x0800e325   Data          15  serial.o(.constdata)
    __FUNCTION__                             0x0800e334   Data          16  serial.o(.constdata)
    __FUNCTION__                             0x0800e344   Data          18  serial.o(.constdata)
    __FUNCTION__                             0x0800e356   Data          22  serial.o(.constdata)
    __FUNCTION__                             0x0800e36c   Data          17  serial.o(.constdata)
    .constdata                               0x0800e37d   Section       57  completion.o(.constdata)
    __FUNCTION__                             0x0800e37d   Data          19  completion.o(.constdata)
    __FUNCTION__                             0x0800e390   Data          19  completion.o(.constdata)
    __FUNCTION__                             0x0800e3a3   Data          19  completion.o(.constdata)
    .constdata                               0x0800e3b6   Section       75  dataqueue.o(.constdata)
    __FUNCTION__                             0x0800e3b6   Data          19  dataqueue.o(.constdata)
    __FUNCTION__                             0x0800e3c9   Data          19  dataqueue.o(.constdata)
    __FUNCTION__                             0x0800e3dc   Data          18  dataqueue.o(.constdata)
    __FUNCTION__                             0x0800e3ee   Data          19  dataqueue.o(.constdata)
    .constdata                               0x0800e401   Section       96  shell.o(.constdata)
    __FUNCTION__                             0x0800e401   Data          13  shell.o(.constdata)
    __FUNCTION__                             0x0800e40e   Data          17  shell.o(.constdata)
    __FUNCTION__                             0x0800e41f   Data          17  shell.o(.constdata)
    __FUNCTION__                             0x0800e430   Data          15  shell.o(.constdata)
    __FUNCTION__                             0x0800e43f   Data          15  shell.o(.constdata)
    __FUNCTION__                             0x0800e44e   Data          19  shell.o(.constdata)
    .constdata                               0x0800e464   Section       80  cmd.o(.constdata)
    .constdata                               0x0800e4b4   Section       14  msh.o(.constdata)
    __FUNCTION__                             0x0800e4b4   Data          14  msh.o(.constdata)
    .constdata                               0x0800e4c2   Section       64  ctype_c.o(.constdata)
    .conststring                             0x0800e504   Section      237  mem.o(.conststring)
    .conststring                             0x0800e5f4   Section      349  cmd.o(.conststring)
    .rodata.name                             0x0800e751   Section       30  fan_control.o(.rodata.name)
    .rodata.name                             0x0800e76f   Section       39  mem.o(.rodata.name)
    .rodata.name                             0x0800e796   Section      105  pin.o(.rodata.name)
    .rodata.name                             0x0800e7ff   Section      815  cmd.o(.rodata.name)
    .rodata.name                             0x0800eb2e   Section       33  msh.o(.rodata.name)
    .rodata.name                             0x0800eb4f   Section      123  msh_cmd.o(.rodata.name)
    FSymTab                                  0x0800ebcc   Section       12  fan_control.o(FSymTab)
    FSymTab                                  0x0800ebd8   Section       12  mem.o(FSymTab)
    FSymTab                                  0x0800ebe4   Section       36  pin.o(FSymTab)
    FSymTab                                  0x0800ec08   Section      264  cmd.o(FSymTab)
    FSymTab                                  0x0800ed10   Section       12  msh.o(FSymTab)
    FSymTab                                  0x0800ed1c   Section       36  msh_cmd.o(FSymTab)
    .data                                    0x20000000   Section       96  usart.o(.data)
    .data                                    0x20000060   Section        4  lcd_r61529.o(.data)
    lcd_width                                0x20000060   Data           2  lcd_r61529.o(.data)
    lcd_height                               0x20000062   Data           2  lcd_r61529.o(.data)
    .data                                    0x20000064   Section       20  system_stm32f4xx.o(.data)
    .data                                    0x20000078   Section       16  stm32f4xx_rcc.o(.data)
    APBAHBPrescTable                         0x20000078   Data          16  stm32f4xx_rcc.o(.data)
    .data                                    0x20000088   Section        4  clock.o(.data)
    rt_tick                                  0x20000088   Data           4  clock.o(.data)
    .data                                    0x2000008c   Section        4  idle.o(.data)
    rt_thread_idle_hook                      0x2000008c   Data           4  idle.o(.data)
    .data                                    0x20000090   Section        9  irq.o(.data)
    rt_interrupt_enter_hook                  0x20000090   Data           4  irq.o(.data)
    rt_interrupt_leave_hook                  0x20000094   Data           4  irq.o(.data)
    .data                                    0x2000009c   Section       12  kservice.o(.data)
    _errno                                   0x2000009c   Data           4  kservice.o(.data)
    _console_device                          0x200000a0   Data           4  kservice.o(.data)
    .data                                    0x200000a8   Section       32  mem.o(.data)
    rt_malloc_hook                           0x200000a8   Data           4  mem.o(.data)
    rt_free_hook                             0x200000ac   Data           4  mem.o(.data)
    heap_ptr                                 0x200000b0   Data           4  mem.o(.data)
    heap_end                                 0x200000b4   Data           4  mem.o(.data)
    lfree                                    0x200000b8   Data           4  mem.o(.data)
    mem_size_aligned                         0x200000bc   Data           4  mem.o(.data)
    used_mem                                 0x200000c0   Data           4  mem.o(.data)
    max_mem                                  0x200000c4   Data           4  mem.o(.data)
    .data                                    0x200000c8   Section      164  object.o(.data)
    rt_object_attach_hook                    0x20000158   Data           4  object.o(.data)
    rt_object_detach_hook                    0x2000015c   Data           4  object.o(.data)
    .data                                    0x2000016c   Section       28  scheduler.o(.data)
    rt_scheduler_lock_nest                   0x2000016c   Data           2  scheduler.o(.data)
    rt_scheduler_hook                        0x20000184   Data           4  scheduler.o(.data)
    .data                                    0x20000188   Section       12  thread.o(.data)
    rt_thread_suspend_hook                   0x20000188   Data           4  thread.o(.data)
    rt_thread_resume_hook                    0x2000018c   Data           4  thread.o(.data)
    rt_thread_inited_hook                    0x20000190   Data           4  thread.o(.data)
    .data                                    0x20000194   Section       16  timer.o(.data)
    rt_timer_list                            0x20000194   Data           8  timer.o(.data)
    rt_timer_timeout_hook                    0x2000019c   Data           4  timer.o(.data)
    random_nr                                0x200001a0   Data           4  timer.o(.data)
    .data                                    0x200001a4   Section       16  cpuport.o(.data)
    rt_exception_hook                        0x200001b0   Data           4  cpuport.o(.data)
    .data                                    0x200001b4   Section        4  shell.o(.data)
    .data                                    0x200001b8   Section       16  symbol.o(.data)
    .data                                    0x200001c8   Section        4  errno.o(.data)
    _errno                                   0x200001c8   Data           4  errno.o(.data)
    .bss                                     0x200001cc   Section      252  usart.o(.bss)
    .bss                                     0x200002c8   Section     1152  idle.o(.bss)
    idle                                     0x200002c8   Data         128  idle.o(.bss)
    rt_thread_stack                          0x20000348   Data        1024  idle.o(.bss)
    .bss                                     0x20000748   Section      128  kservice.o(.bss)
    rt_log_buf                               0x20000748   Data         128  kservice.o(.bss)
    .bss                                     0x200007c8   Section       32  mem.o(.bss)
    heap_sem                                 0x200007c8   Data          32  mem.o(.bss)
    .bss                                     0x200007e8   Section      256  scheduler.o(.bss)
    .bss                                     0x200008e8   Section       68  pin.o(.bss)
    _hw_pin                                  0x200008e8   Data          68  pin.o(.bss)
    .bss                                     0x2000092c   Section     2305  shell.o(.bss)
    finsh_thread                             0x2000092c   Data         128  shell.o(.bss)
    finsh_thread_stack                       0x200009ac   Data        2048  shell.o(.bss)
    finsh_prompt                             0x200011ac   Data         129  shell.o(.bss)
    STACK                                    0x20001230   Section     1024  startup_stm32f4xx.o(STACK)

    Global Symbols

    Symbol Name                              Value     Ov Type        Size  Object(Section)

    BuildAttributes$$THM_ISAv4$E$P$D$K$B$S$7EM$VFPi3$EXTD16$VFPS$VFMA$PE$A:L22UL41UL21$X:L11$S22US41US21$IEEE1$IW$USESV6$~STKCKD$USESV7$~SHL$OTIME$ROPI$IEEEJ$EBA8$MICROLIB$REQ8$PRES8$EABIv2 0x00000000   Number         0  anon$$obj.o ABSOLUTE
    __ARM_use_no_argv                        0x00000000   Number         0  startup.o ABSOLUTE
    __cpp_initialize__aeabi_                  - Undefined Weak Reference
    __cxa_finalize                            - Undefined Weak Reference
    _clock_init                               - Undefined Weak Reference
    _microlib_exit                            - Undefined Weak Reference
    __Vectors_Size                           0x00000188   Number         0  startup_stm32f4xx.o ABSOLUTE
    __Vectors                                0x08000000   Data           4  startup_stm32f4xx.o(RESET)
    __Vectors_End                            0x08000188   Data           0  startup_stm32f4xx.o(RESET)
    __main                                   0x08000189   Thumb Code     0  entry.o(.ARM.Collect$$$$00000000)
    _main_stk                                0x08000189   Thumb Code     0  entry2.o(.ARM.Collect$$$$00000001)
    _main_scatterload                        0x0800018d   Thumb Code     0  entry5.o(.ARM.Collect$$$$00000004)
    __main_after_scatterload                 0x08000191   Thumb Code     0  entry5.o(.ARM.Collect$$$$00000004)
    _main_clock                              0x08000191   Thumb Code     0  entry7b.o(.ARM.Collect$$$$00000008)
    _main_cpp_init                           0x08000191   Thumb Code     0  entry8b.o(.ARM.Collect$$$$0000000A)
    _main_init                               0x08000191   Thumb Code     0  entry9a.o(.ARM.Collect$$$$0000000B)
    __rt_final_cpp                           0x08000199   Thumb Code     0  entry10a.o(.ARM.Collect$$$$0000000D)
    __rt_final_exit                          0x08000199   Thumb Code     0  entry11a.o(.ARM.Collect$$$$0000000F)
    toggle_led                               0x0800019d   Thumb Code    12  application.o(.text)
    rt_init_thread_entry                     0x080001a9   Thumb Code    36  application.o(.text)
    rt_application_init                      0x080001cd   Thumb Code    40  application.o(.text)
    assert_failed                            0x08000215   Thumb Code    30  startup.o(.text)
    rtthread_startup                         0x08000233   Thumb Code    62  startup.o(.text)
    main                                     0x08000271   Thumb Code    14  startup.o(.text)
    NVIC_Configuration                       0x080002e1   Thumb Code    22  board.o(.text)
    SysTick_Configuration                    0x080002f7   Thumb Code    98  board.o(.text)
    SysTick_Handler                          0x08000359   Thumb Code    16  board.o(.text)
    rt_hw_board_init                         0x08000369   Thumb Code    26  board.o(.text)
    NMI_Handler                              0x08000395   Thumb Code     2  stm32f4xx_it.o(.text)
    MemManage_Handler                        0x08000397   Thumb Code     4  stm32f4xx_it.o(.text)
    BusFault_Handler                         0x0800039b   Thumb Code     4  stm32f4xx_it.o(.text)
    UsageFault_Handler                       0x0800039f   Thumb Code     4  stm32f4xx_it.o(.text)
    SVC_Handler                              0x080003a3   Thumb Code     2  stm32f4xx_it.o(.text)
    USART1_IRQHandler                        0x08000705   Thumb Code    18  usart.o(.text)
    DMA2_Stream5_IRQHandler                  0x08000717   Thumb Code    18  usart.o(.text)
    USART2_IRQHandler                        0x08000729   Thumb Code    18  usart.o(.text)
    DMA1_Stream5_IRQHandler                  0x0800073b   Thumb Code    18  usart.o(.text)
    USART3_IRQHandler                        0x0800074d   Thumb Code    18  usart.o(.text)
    DMA1_Stream1_IRQHandler                  0x0800075f   Thumb Code    18  usart.o(.text)
    stm32_hw_usart_init                      0x080008a1   Thumb Code   136  usart.o(.text)
    rt_platform_init                         0x08000b4b   Thumb Code    20  platform.o(.text)
    fan_speed_set                            0x08000b6d   Thumb Code    56  fan_control.o(.text)
    cmd_fan_speed_set                        0x08000ba5   Thumb Code    54  fan_control.o(.text)
    get_pin                                  0x08000be1   Thumb Code    18  gpio.o(.text)
    stm32_pin_write                          0x08000bf3   Thumb Code    52  gpio.o(.text)
    stm32_pin_read                           0x08000c27   Thumb Code    48  gpio.o(.text)
    stm32_pin_mode                           0x08000c57   Thumb Code   122  gpio.o(.text)
    stm32_hw_pin_init                        0x08000cd1   Thumb Code    16  gpio.o(.text)
    r61529_read_id                           0x08001071   Thumb Code    72  lcd_r61529.o(.text)
    SystemInit                               0x080011d5   Thumb Code    88  system_stm32f4xx.o(.text)
    SystemCoreClockUpdate                    0x0800122d   Thumb Code   174  system_stm32f4xx.o(.text)
    NVIC_PriorityGroupConfig                 0x08001309   Thumb Code    54  misc.o(.text)
    NVIC_Init                                0x0800133f   Thumb Code   164  misc.o(.text)
    NVIC_SetVectorTable                      0x080013e3   Thumb Code    60  misc.o(.text)
    NVIC_SystemLPConfig                      0x0800141f   Thumb Code    78  misc.o(.text)
    SysTick_CLKSourceConfig                  0x0800146d   Thumb Code    62  misc.o(.text)
    DAC_DeInit                               0x080014f5   Thumb Code    22  stm32f4xx_dac.o(.text)
    DAC_Init                                 0x0800150b   Thumb Code   360  stm32f4xx_dac.o(.text)
    DAC_StructInit                           0x08001673   Thumb Code    12  stm32f4xx_dac.o(.text)
    DAC_Cmd                                  0x0800167f   Thumb Code    76  stm32f4xx_dac.o(.text)
    DAC_SoftwareTriggerCmd                   0x080016cb   Thumb Code    88  stm32f4xx_dac.o(.text)
    DAC_DualSoftwareTriggerCmd               0x08001723   Thumb Code    60  stm32f4xx_dac.o(.text)
    DAC_WaveGenerationCmd                    0x0800175f   Thumb Code    98  stm32f4xx_dac.o(.text)
    DAC_SetChannel1Data                      0x080017c1   Thumb Code    72  stm32f4xx_dac.o(.text)
    DAC_SetChannel2Data                      0x08001809   Thumb Code    72  stm32f4xx_dac.o(.text)
    DAC_SetDualChannelData                   0x08001851   Thumb Code   108  stm32f4xx_dac.o(.text)
    DAC_GetDataOutputValue                   0x080018bd   Thumb Code    50  stm32f4xx_dac.o(.text)
    DAC_DMACmd                               0x080018ef   Thumb Code   146  stm32f4xx_dac.o(.text)
    DAC_ITConfig                             0x08001981   Thumb Code   102  stm32f4xx_dac.o(.text)
    DAC_GetFlagStatus                        0x080019e7   Thumb Code    72  stm32f4xx_dac.o(.text)
    DAC_ClearFlag                            0x08001a2f   Thumb Code    58  stm32f4xx_dac.o(.text)
    DAC_GetITStatus                          0x08001a69   Thumb Code    92  stm32f4xx_dac.o(.text)
    DAC_ClearITPendingBit                    0x08001ac5   Thumb Code    58  stm32f4xx_dac.o(.text)
    DMA_DeInit                               0x08001b05   Thumb Code   462  stm32f4xx_dma.o(.text)
    DMA_Init                                 0x08001cd3   Thumb Code   744  stm32f4xx_dma.o(.text)
    DMA_StructInit                           0x08001fbb   Thumb Code    34  stm32f4xx_dma.o(.text)
    DMA_Cmd                                  0x08001fdd   Thumb Code   186  stm32f4xx_dma.o(.text)
    DMA_PeriphIncOffsetSizeConfig            0x08002097   Thumb Code   188  stm32f4xx_dma.o(.text)
    DMA_FlowControllerConfig                 0x08002153   Thumb Code   186  stm32f4xx_dma.o(.text)
    DMA_SetCurrDataCounter                   0x0800220d   Thumb Code   148  stm32f4xx_dma.o(.text)
    DMA_GetCurrDataCounter                   0x080022a1   Thumb Code   148  stm32f4xx_dma.o(.text)
    DMA_DoubleBufferModeConfig               0x08002335   Thumb Code   204  stm32f4xx_dma.o(.text)
    DMA_DoubleBufferModeCmd                  0x08002401   Thumb Code   186  stm32f4xx_dma.o(.text)
    DMA_MemoryTargetConfig                   0x080024bb   Thumb Code   178  stm32f4xx_dma.o(.text)
    DMA_GetCurrentMemoryTarget               0x0800256d   Thumb Code   162  stm32f4xx_dma.o(.text)
    DMA_GetCmdStatus                         0x0800260f   Thumb Code   162  stm32f4xx_dma.o(.text)
    DMA_GetFIFOStatus                        0x080026b1   Thumb Code   154  stm32f4xx_dma.o(.text)
    DMA_GetFlagStatus                        0x0800274b   Thumb Code   486  stm32f4xx_dma.o(.text)
    DMA_ClearFlag                            0x08002931   Thumb Code   220  stm32f4xx_dma.o(.text)
    DMA_ITConfig                             0x08002a0d   Thumb Code   244  stm32f4xx_dma.o(.text)
    DMA_GetITStatus                          0x08002b01   Thumb Code   590  stm32f4xx_dma.o(.text)
    DMA_ClearITPendingBit                    0x08002d4f   Thumb Code   222  stm32f4xx_dma.o(.text)
    FSMC_NORSRAMDeInit                       0x08002ed1   Thumb Code    82  stm32f4xx_fsmc.o(.text)
    FSMC_NORSRAMInit                         0x08002f23   Thumb Code   832  stm32f4xx_fsmc.o(.text)
    FSMC_NORSRAMStructInit                   0x08003263   Thumb Code   174  stm32f4xx_fsmc.o(.text)
    FSMC_NORSRAMCmd                          0x08003311   Thumb Code   100  stm32f4xx_fsmc.o(.text)
    FSMC_NANDDeInit                          0x08003375   Thumb Code    90  stm32f4xx_fsmc.o(.text)
    FSMC_NANDInit                            0x080033cf   Thumb Code   512  stm32f4xx_fsmc.o(.text)
    FSMC_NANDStructInit                      0x080035cf   Thumb Code    54  stm32f4xx_fsmc.o(.text)
    FSMC_NANDCmd                             0x08003605   Thumb Code   136  stm32f4xx_fsmc.o(.text)
    FSMC_NANDECCCmd                          0x0800368d   Thumb Code   136  stm32f4xx_fsmc.o(.text)
    FSMC_GetECC                              0x08003715   Thumb Code    24  stm32f4xx_fsmc.o(.text)
    FSMC_PCCARDDeInit                        0x0800372d   Thumb Code    44  stm32f4xx_fsmc.o(.text)
    FSMC_PCCARDInit                          0x08003759   Thumb Code   460  stm32f4xx_fsmc.o(.text)
    FSMC_PCCARDStructInit                    0x08003925   Thumb Code    60  stm32f4xx_fsmc.o(.text)
    FSMC_PCCARDCmd                           0x08003961   Thumb Code    62  stm32f4xx_fsmc.o(.text)
    FSMC_ITConfig                            0x0800399f   Thumb Code   206  stm32f4xx_fsmc.o(.text)
    FSMC_GetFlagStatus                       0x08003a6d   Thumb Code   122  stm32f4xx_fsmc.o(.text)
    FSMC_ClearFlag                           0x08003ae7   Thumb Code   120  stm32f4xx_fsmc.o(.text)
    FSMC_GetITStatus                         0x08003b5f   Thumb Code   136  stm32f4xx_fsmc.o(.text)
    FSMC_ClearITPendingBit                   0x08003be7   Thumb Code   126  stm32f4xx_fsmc.o(.text)
    GPIO_DeInit                              0x08003c6d   Thumb Code   284  stm32f4xx_gpio.o(.text)
    GPIO_Init                                0x08003d89   Thumb Code   342  stm32f4xx_gpio.o(.text)
    GPIO_StructInit                          0x08003edf   Thumb Code    18  stm32f4xx_gpio.o(.text)
    GPIO_PinLockConfig                       0x08003ef1   Thumb Code   122  stm32f4xx_gpio.o(.text)
    GPIO_ReadInputDataBit                    0x08003f6b   Thumb Code   182  stm32f4xx_gpio.o(.text)
    GPIO_ReadInputData                       0x08004021   Thumb Code   174  stm32f4xx_gpio.o(.text)
    GPIO_ReadOutputDataBit                   0x080040cf   Thumb Code   186  stm32f4xx_gpio.o(.text)
    GPIO_ReadOutputData                      0x08004189   Thumb Code    78  stm32f4xx_gpio.o(.text)
    GPIO_SetBits                             0x080041d7   Thumb Code    98  stm32f4xx_gpio.o(.text)
    GPIO_ResetBits                           0x08004239   Thumb Code    98  stm32f4xx_gpio.o(.text)
    GPIO_WriteBit                            0x0800429b   Thumb Code   200  stm32f4xx_gpio.o(.text)
    GPIO_Write                               0x08004363   Thumb Code    78  stm32f4xx_gpio.o(.text)
    GPIO_ToggleBits                          0x080043b1   Thumb Code    82  stm32f4xx_gpio.o(.text)
    GPIO_PinAFConfig                         0x08004403   Thumb Code   384  stm32f4xx_gpio.o(.text)
    RCC_DeInit                               0x08004585   Thumb Code    60  stm32f4xx_rcc.o(.text)
    RCC_HSEConfig                            0x080045c1   Thumb Code    38  stm32f4xx_rcc.o(.text)
    RCC_GetFlagStatus                        0x080045e7   Thumb Code   130  stm32f4xx_rcc.o(.text)
    RCC_WaitForHSEStartUp                    0x08004669   Thumb Code    56  stm32f4xx_rcc.o(.text)
    RCC_AdjustHSICalibrationValue            0x080046a1   Thumb Code    38  stm32f4xx_rcc.o(.text)
    RCC_HSICmd                               0x080046c7   Thumb Code    28  stm32f4xx_rcc.o(.text)
    RCC_LSEConfig                            0x080046e3   Thumb Code    72  stm32f4xx_rcc.o(.text)
    RCC_LSICmd                               0x0800472b   Thumb Code    28  stm32f4xx_rcc.o(.text)
    RCC_PLLConfig                            0x08004747   Thumb Code   156  stm32f4xx_rcc.o(.text)
    RCC_PLLCmd                               0x080047e3   Thumb Code    28  stm32f4xx_rcc.o(.text)
    RCC_PLLI2SConfig                         0x080047ff   Thumb Code    62  stm32f4xx_rcc.o(.text)
    RCC_PLLI2SCmd                            0x0800483d   Thumb Code    28  stm32f4xx_rcc.o(.text)
    RCC_ClockSecuritySystemCmd               0x08004859   Thumb Code    28  stm32f4xx_rcc.o(.text)
    RCC_MCO1Config                           0x08004875   Thumb Code   102  stm32f4xx_rcc.o(.text)
    RCC_MCO2Config                           0x080048db   Thumb Code   102  stm32f4xx_rcc.o(.text)
    RCC_SYSCLKConfig                         0x08004941   Thumb Code   124  stm32f4xx_rcc.o(.text)
    RCC_GetSYSCLKSource                      0x080049bd   Thumb Code    10  stm32f4xx_rcc.o(.text)
    RCC_HCLKConfig                           0x080049c7   Thumb Code    68  stm32f4xx_rcc.o(.text)
    RCC_PCLK1Config                          0x08004a0b   Thumb Code    60  stm32f4xx_rcc.o(.text)
    RCC_PCLK2Config                          0x08004a47   Thumb Code    62  stm32f4xx_rcc.o(.text)
    RCC_GetClocksFreq                        0x08004a85   Thumb Code   214  stm32f4xx_rcc.o(.text)
    RCC_RTCCLKConfig                         0x08004b5b   Thumb Code   262  stm32f4xx_rcc.o(.text)
    RCC_RTCCLKCmd                            0x08004c61   Thumb Code    30  stm32f4xx_rcc.o(.text)
    RCC_BackupResetCmd                       0x08004c7f   Thumb Code    32  stm32f4xx_rcc.o(.text)
    RCC_I2SCLKConfig                         0x08004c9f   Thumb Code    30  stm32f4xx_rcc.o(.text)
    RCC_AHB1PeriphClockCmd                   0x08004cbd   Thumb Code    82  stm32f4xx_rcc.o(.text)
    RCC_AHB2PeriphClockCmd                   0x08004d0f   Thumb Code    82  stm32f4xx_rcc.o(.text)
    RCC_AHB3PeriphClockCmd                   0x08004d61   Thumb Code   232  stm32f4xx_rcc.o(.text)
    RCC_APB1PeriphClockCmd                   0x08004e49   Thumb Code    82  stm32f4xx_rcc.o(.text)
    RCC_APB2PeriphClockCmd                   0x08004e9b   Thumb Code    82  stm32f4xx_rcc.o(.text)
    RCC_AHB1PeriphResetCmd                   0x08004eed   Thumb Code    82  stm32f4xx_rcc.o(.text)
    RCC_AHB2PeriphResetCmd                   0x08004f3f   Thumb Code    82  stm32f4xx_rcc.o(.text)
    RCC_AHB3PeriphResetCmd                   0x08004f91   Thumb Code    82  stm32f4xx_rcc.o(.text)
    RCC_APB1PeriphResetCmd                   0x08004fe3   Thumb Code    82  stm32f4xx_rcc.o(.text)
    RCC_APB2PeriphResetCmd                   0x08005035   Thumb Code    82  stm32f4xx_rcc.o(.text)
    RCC_AHB1PeriphClockLPModeCmd             0x08005087   Thumb Code    82  stm32f4xx_rcc.o(.text)
    RCC_AHB2PeriphClockLPModeCmd             0x080050d9   Thumb Code    82  stm32f4xx_rcc.o(.text)
    RCC_AHB3PeriphClockLPModeCmd             0x0800512b   Thumb Code    82  stm32f4xx_rcc.o(.text)
    RCC_APB1PeriphClockLPModeCmd             0x0800517d   Thumb Code    82  stm32f4xx_rcc.o(.text)
    RCC_APB2PeriphClockLPModeCmd             0x080051cf   Thumb Code   106  stm32f4xx_rcc.o(.text)
    RCC_ITConfig                             0x08005239   Thumb Code    74  stm32f4xx_rcc.o(.text)
    RCC_ClearFlag                            0x08005283   Thumb Code    18  stm32f4xx_rcc.o(.text)
    RCC_GetITStatus                          0x08005295   Thumb Code    68  stm32f4xx_rcc.o(.text)
    RCC_ClearITPendingBit                    0x080052d9   Thumb Code    34  stm32f4xx_rcc.o(.text)
    USART_DeInit                             0x08005301   Thumb Code   202  stm32f4xx_usart.o(.text)
    USART_Init                               0x080053cb   Thumb Code   456  stm32f4xx_usart.o(.text)
    USART_StructInit                         0x08005593   Thumb Code    24  stm32f4xx_usart.o(.text)
    USART_ClockInit                          0x080055ab   Thumb Code   166  stm32f4xx_usart.o(.text)
    USART_ClockStructInit                    0x08005651   Thumb Code    12  stm32f4xx_usart.o(.text)
    USART_Cmd                                0x0800565d   Thumb Code    96  stm32f4xx_usart.o(.text)
    USART_SetPrescaler                       0x080056bd   Thumb Code   160  stm32f4xx_usart.o(.text)
    USART_OverSampling8Cmd                   0x0800575d   Thumb Code    98  stm32f4xx_usart.o(.text)
    USART_OneBitMethodCmd                    0x080057bf   Thumb Code   100  stm32f4xx_usart.o(.text)
    USART_SendData                           0x08005823   Thumb Code    84  stm32f4xx_usart.o(.text)
    USART_ReceiveData                        0x08005877   Thumb Code    62  stm32f4xx_usart.o(.text)
    USART_SetAddress                         0x080058b5   Thumb Code    92  stm32f4xx_usart.o(.text)
    USART_ReceiverWakeUpCmd                  0x08005911   Thumb Code   100  stm32f4xx_usart.o(.text)
    USART_WakeUpConfig                       0x08005975   Thumb Code    96  stm32f4xx_usart.o(.text)
    USART_LINBreakDetectLengthConfig         0x080059d5   Thumb Code    94  stm32f4xx_usart.o(.text)
    USART_LINCmd                             0x08005a33   Thumb Code   100  stm32f4xx_usart.o(.text)
    USART_SendBreak                          0x08005a97   Thumb Code    64  stm32f4xx_usart.o(.text)
    USART_HalfDuplexCmd                      0x08005ad7   Thumb Code   100  stm32f4xx_usart.o(.text)
    USART_SetGuardTime                       0x08005b3b   Thumb Code    86  stm32f4xx_usart.o(.text)
    USART_SmartCardCmd                       0x08005b91   Thumb Code    88  stm32f4xx_usart.o(.text)
    USART_SmartCardNACKCmd                   0x08005be9   Thumb Code    88  stm32f4xx_usart.o(.text)
    USART_IrDAConfig                         0x08005c41   Thumb Code    94  stm32f4xx_usart.o(.text)
    USART_IrDACmd                            0x08005c9f   Thumb Code   100  stm32f4xx_usart.o(.text)
    USART_DMACmd                             0x08005d03   Thumb Code   120  stm32f4xx_usart.o(.text)
    USART_ITConfig                           0x08005d7b   Thumb Code   268  stm32f4xx_usart.o(.text)
    USART_GetFlagStatus                      0x08005e87   Thumb Code   176  stm32f4xx_usart.o(.text)
    USART_ClearFlag                          0x08005f37   Thumb Code   160  stm32f4xx_usart.o(.text)
    USART_GetITStatus                        0x08005fd7   Thumb Code   284  stm32f4xx_usart.o(.text)
    USART_ClearITPendingBit                  0x080060f3   Thumb Code   170  stm32f4xx_usart.o(.text)
    Reset_Handler                            0x080061b5   Thumb Code     8  startup_stm32f4xx.o(.text)
    DebugMon_Handler                         0x080061c9   Thumb Code     2  startup_stm32f4xx.o(.text)
    ADC_IRQHandler                           0x080061cf   Thumb Code     0  startup_stm32f4xx.o(.text)
    CAN1_RX0_IRQHandler                      0x080061cf   Thumb Code     0  startup_stm32f4xx.o(.text)
    CAN1_RX1_IRQHandler                      0x080061cf   Thumb Code     0  startup_stm32f4xx.o(.text)
    CAN1_SCE_IRQHandler                      0x080061cf   Thumb Code     0  startup_stm32f4xx.o(.text)
    CAN1_TX_IRQHandler                       0x080061cf   Thumb Code     0  startup_stm32f4xx.o(.text)
    CAN2_RX0_IRQHandler                      0x080061cf   Thumb Code     0  startup_stm32f4xx.o(.text)
    CAN2_RX1_IRQHandler                      0x080061cf   Thumb Code     0  startup_stm32f4xx.o(.text)
    CAN2_SCE_IRQHandler                      0x080061cf   Thumb Code     0  startup_stm32f4xx.o(.text)
    CAN2_TX_IRQHandler                       0x080061cf   Thumb Code     0  startup_stm32f4xx.o(.text)
    CRYP_IRQHandler                          0x080061cf   Thumb Code     0  startup_stm32f4xx.o(.text)
    DCMI_IRQHandler                          0x080061cf   Thumb Code     0  startup_stm32f4xx.o(.text)
    DMA1_Stream0_IRQHandler                  0x080061cf   Thumb Code     0  startup_stm32f4xx.o(.text)
    DMA1_Stream2_IRQHandler                  0x080061cf   Thumb Code     0  startup_stm32f4xx.o(.text)
    DMA1_Stream3_IRQHandler                  0x080061cf   Thumb Code     0  startup_stm32f4xx.o(.text)
    DMA1_Stream4_IRQHandler                  0x080061cf   Thumb Code     0  startup_stm32f4xx.o(.text)
    DMA1_Stream6_IRQHandler                  0x080061cf   Thumb Code     0  startup_stm32f4xx.o(.text)
    DMA1_Stream7_IRQHandler                  0x080061cf   Thumb Code     0  startup_stm32f4xx.o(.text)
    DMA2_Stream0_IRQHandler                  0x080061cf   Thumb Code     0  startup_stm32f4xx.o(.text)
    DMA2_Stream1_IRQHandler                  0x080061cf   Thumb Code     0  startup_stm32f4xx.o(.text)
    DMA2_Stream2_IRQHandler                  0x080061cf   Thumb Code     0  startup_stm32f4xx.o(.text)
    DMA2_Stream3_IRQHandler                  0x080061cf   Thumb Code     0  startup_stm32f4xx.o(.text)
    DMA2_Stream4_IRQHandler                  0x080061cf   Thumb Code     0  startup_stm32f4xx.o(.text)
    DMA2_Stream6_IRQHandler                  0x080061cf   Thumb Code     0  startup_stm32f4xx.o(.text)
    DMA2_Stream7_IRQHandler                  0x080061cf   Thumb Code     0  startup_stm32f4xx.o(.text)
    ETH_IRQHandler                           0x080061cf   Thumb Code     0  startup_stm32f4xx.o(.text)
    ETH_WKUP_IRQHandler                      0x080061cf   Thumb Code     0  startup_stm32f4xx.o(.text)
    EXTI0_IRQHandler                         0x080061cf   Thumb Code     0  startup_stm32f4xx.o(.text)
    EXTI15_10_IRQHandler                     0x080061cf   Thumb Code     0  startup_stm32f4xx.o(.text)
    EXTI1_IRQHandler                         0x080061cf   Thumb Code     0  startup_stm32f4xx.o(.text)
    EXTI2_IRQHandler                         0x080061cf   Thumb Code     0  startup_stm32f4xx.o(.text)
    EXTI3_IRQHandler                         0x080061cf   Thumb Code     0  startup_stm32f4xx.o(.text)
    EXTI4_IRQHandler                         0x080061cf   Thumb Code     0  startup_stm32f4xx.o(.text)
    EXTI9_5_IRQHandler                       0x080061cf   Thumb Code     0  startup_stm32f4xx.o(.text)
    FLASH_IRQHandler                         0x080061cf   Thumb Code     0  startup_stm32f4xx.o(.text)
    FPU_IRQHandler                           0x080061cf   Thumb Code     0  startup_stm32f4xx.o(.text)
    FSMC_IRQHandler                          0x080061cf   Thumb Code     0  startup_stm32f4xx.o(.text)
    HASH_RNG_IRQHandler                      0x080061cf   Thumb Code     0  startup_stm32f4xx.o(.text)
    I2C1_ER_IRQHandler                       0x080061cf   Thumb Code     0  startup_stm32f4xx.o(.text)
    I2C1_EV_IRQHandler                       0x080061cf   Thumb Code     0  startup_stm32f4xx.o(.text)
    I2C2_ER_IRQHandler                       0x080061cf   Thumb Code     0  startup_stm32f4xx.o(.text)
    I2C2_EV_IRQHandler                       0x080061cf   Thumb Code     0  startup_stm32f4xx.o(.text)
    I2C3_ER_IRQHandler                       0x080061cf   Thumb Code     0  startup_stm32f4xx.o(.text)
    I2C3_EV_IRQHandler                       0x080061cf   Thumb Code     0  startup_stm32f4xx.o(.text)
    OTG_FS_IRQHandler                        0x080061cf   Thumb Code     0  startup_stm32f4xx.o(.text)
    OTG_FS_WKUP_IRQHandler                   0x080061cf   Thumb Code     0  startup_stm32f4xx.o(.text)
    OTG_HS_EP1_IN_IRQHandler                 0x080061cf   Thumb Code     0  startup_stm32f4xx.o(.text)
    OTG_HS_EP1_OUT_IRQHandler                0x080061cf   Thumb Code     0  startup_stm32f4xx.o(.text)
    OTG_HS_IRQHandler                        0x080061cf   Thumb Code     0  startup_stm32f4xx.o(.text)
    OTG_HS_WKUP_IRQHandler                   0x080061cf   Thumb Code     0  startup_stm32f4xx.o(.text)
    PVD_IRQHandler                           0x080061cf   Thumb Code     0  startup_stm32f4xx.o(.text)
    RCC_IRQHandler                           0x080061cf   Thumb Code     0  startup_stm32f4xx.o(.text)
    RTC_Alarm_IRQHandler                     0x080061cf   Thumb Code     0  startup_stm32f4xx.o(.text)
    RTC_WKUP_IRQHandler                      0x080061cf   Thumb Code     0  startup_stm32f4xx.o(.text)
    SDIO_IRQHandler                          0x080061cf   Thumb Code     0  startup_stm32f4xx.o(.text)
    SPI1_IRQHandler                          0x080061cf   Thumb Code     0  startup_stm32f4xx.o(.text)
    SPI2_IRQHandler                          0x080061cf   Thumb Code     0  startup_stm32f4xx.o(.text)
    SPI3_IRQHandler                          0x080061cf   Thumb Code     0  startup_stm32f4xx.o(.text)
    TAMP_STAMP_IRQHandler                    0x080061cf   Thumb Code     0  startup_stm32f4xx.o(.text)
    TIM1_BRK_TIM9_IRQHandler                 0x080061cf   Thumb Code     0  startup_stm32f4xx.o(.text)
    TIM1_CC_IRQHandler                       0x080061cf   Thumb Code     0  startup_stm32f4xx.o(.text)
    TIM1_TRG_COM_TIM11_IRQHandler            0x080061cf   Thumb Code     0  startup_stm32f4xx.o(.text)
    TIM1_UP_TIM10_IRQHandler                 0x080061cf   Thumb Code     0  startup_stm32f4xx.o(.text)
    TIM2_IRQHandler                          0x080061cf   Thumb Code     0  startup_stm32f4xx.o(.text)
    TIM3_IRQHandler                          0x080061cf   Thumb Code     0  startup_stm32f4xx.o(.text)
    TIM4_IRQHandler                          0x080061cf   Thumb Code     0  startup_stm32f4xx.o(.text)
    TIM5_IRQHandler                          0x080061cf   Thumb Code     0  startup_stm32f4xx.o(.text)
    TIM6_DAC_IRQHandler                      0x080061cf   Thumb Code     0  startup_stm32f4xx.o(.text)
    TIM7_IRQHandler                          0x080061cf   Thumb Code     0  startup_stm32f4xx.o(.text)
    TIM8_BRK_TIM12_IRQHandler                0x080061cf   Thumb Code     0  startup_stm32f4xx.o(.text)
    TIM8_CC_IRQHandler                       0x080061cf   Thumb Code     0  startup_stm32f4xx.o(.text)
    TIM8_TRG_COM_TIM14_IRQHandler            0x080061cf   Thumb Code     0  startup_stm32f4xx.o(.text)
    TIM8_UP_TIM13_IRQHandler                 0x080061cf   Thumb Code     0  startup_stm32f4xx.o(.text)
    UART4_IRQHandler                         0x080061cf   Thumb Code     0  startup_stm32f4xx.o(.text)
    UART5_IRQHandler                         0x080061cf   Thumb Code     0  startup_stm32f4xx.o(.text)
    USART6_IRQHandler                        0x080061cf   Thumb Code     0  startup_stm32f4xx.o(.text)
    WWDG_IRQHandler                          0x080061cf   Thumb Code     0  startup_stm32f4xx.o(.text)
    rt_system_tick_init                      0x080061d9   Thumb Code     2  clock.o(.text)
    rt_tick_get                              0x080061db   Thumb Code     6  clock.o(.text)
    rt_tick_set                              0x080061e1   Thumb Code    22  clock.o(.text)
    rt_tick_increase                         0x080061f7   Thumb Code    42  clock.o(.text)
    rt_tick_from_millisecond                 0x08006221   Thumb Code    22  clock.o(.text)
    rt_device_find                           0x0800623d   Thumb Code    76  device.o(.text)
    rt_device_register                       0x08006289   Thumb Code    52  device.o(.text)
    rt_device_unregister                     0x080062bd   Thumb Code    26  device.o(.text)
    rt_device_init_all                       0x080062d7   Thumb Code     4  device.o(.text)
    rt_device_init                           0x080062db   Thumb Code    64  device.o(.text)
    rt_device_open                           0x0800631b   Thumb Code   136  device.o(.text)
    rt_device_close                          0x080063a3   Thumb Code    68  device.o(.text)
    rt_device_read                           0x080063e7   Thumb Code    76  device.o(.text)
    rt_device_write                          0x08006433   Thumb Code    76  device.o(.text)
    rt_device_control                        0x0800647f   Thumb Code    42  device.o(.text)
    rt_device_set_rx_indicate                0x080064a9   Thumb Code    26  device.o(.text)
    rt_device_set_tx_complete                0x080064c3   Thumb Code    26  device.o(.text)
    rt_thread_idle_sethook                   0x08006561   Thumb Code     6  idle.o(.text)
    rt_thread_idle_excute                    0x08006567   Thumb Code   154  idle.o(.text)
    rt_thread_idle_init                      0x08006615   Thumb Code    38  idle.o(.text)
    rt_thread_idle_gethandler                0x0800663b   Thumb Code     4  idle.o(.text)
    rt_sem_init                              0x08006745   Thumb Code    50  ipc.o(.text)
    rt_sem_detach                            0x08006777   Thumb Code    34  ipc.o(.text)
    rt_sem_create                            0x08006799   Thumb Code    84  ipc.o(.text)
    rt_sem_delete                            0x080067ed   Thumb Code    78  ipc.o(.text)
    rt_sem_take                              0x0800683b   Thumb Code   266  ipc.o(.text)
    rt_sem_trytake                           0x08006945   Thumb Code    14  ipc.o(.text)
    rt_sem_release                           0x08006953   Thumb Code    80  ipc.o(.text)
    rt_sem_control                           0x080069a3   Thumb Code    68  ipc.o(.text)
    rt_mutex_init                            0x080069e7   Thumb Code    58  ipc.o(.text)
    rt_mutex_detach                          0x08006a21   Thumb Code    36  ipc.o(.text)
    rt_mutex_create                          0x08006a45   Thumb Code    96  ipc.o(.text)
    rt_mutex_delete                          0x08006aa5   Thumb Code    78  ipc.o(.text)
    rt_mutex_take                            0x08006af3   Thumb Code   524  ipc.o(.text)
    rt_mutex_release                         0x08006cff   Thumb Code   272  ipc.o(.text)
    rt_mutex_control                         0x08006e0f   Thumb Code     8  ipc.o(.text)
    rt_event_init                            0x08006e17   Thumb Code    46  ipc.o(.text)
    rt_event_detach                          0x08006e45   Thumb Code    36  ipc.o(.text)
    rt_event_create                          0x08006e69   Thumb Code    88  ipc.o(.text)
    rt_event_delete                          0x08006ec1   Thumb Code    82  ipc.o(.text)
    rt_event_send                            0x08006f13   Thumb Code   210  ipc.o(.text)
    rt_event_recv                            0x08006fe5   Thumb Code   448  ipc.o(.text)
    rt_event_control                         0x080071a5   Thumb Code    70  ipc.o(.text)
    rt_mb_init                               0x080071eb   Thumb Code    76  ipc.o(.text)
    rt_mb_detach                             0x08007237   Thumb Code    44  ipc.o(.text)
    rt_mb_create                             0x08007263   Thumb Code   128  ipc.o(.text)
    rt_mb_delete                             0x080072e3   Thumb Code    96  ipc.o(.text)
    rt_mb_send_wait                          0x08007343   Thumb Code   436  ipc.o(.text)
    rt_mb_send                               0x080074f7   Thumb Code    18  ipc.o(.text)
    rt_mb_recv                               0x08007509   Thumb Code   412  ipc.o(.text)
    rt_mb_control                            0x080076a5   Thumb Code    82  ipc.o(.text)
    rt_mq_init                               0x080076f7   Thumb Code   118  ipc.o(.text)
    rt_mq_detach                             0x0800776d   Thumb Code    36  ipc.o(.text)
    rt_mq_delete                             0x08007791   Thumb Code    88  ipc.o(.text)
    rt_mq_create                             0x080077e9   Thumb Code   174  ipc.o(.text)
    rt_mq_send                               0x08007897   Thumb Code   290  ipc.o(.text)
    rt_mq_urgent                             0x080079b9   Thumb Code   198  ipc.o(.text)
    rt_mq_recv                               0x08007a7f   Thumb Code   438  ipc.o(.text)
    rt_mq_control                            0x08007c35   Thumb Code    98  ipc.o(.text)
    rt_interrupt_enter_sethook               0x08007ced   Thumb Code     6  irq.o(.text)
    rt_interrupt_leave_sethook               0x08007cf3   Thumb Code     6  irq.o(.text)
    rt_interrupt_enter                       0x08007cf9   Thumb Code    46  irq.o(.text)
    rt_interrupt_leave                       0x08007d27   Thumb Code    46  irq.o(.text)
    rt_interrupt_get_nest                    0x08007d55   Thumb Code     6  irq.o(.text)
    rt_get_errno                             0x08007d69   Thumb Code    32  kservice.o(.text)
    rt_set_errno                             0x08007d89   Thumb Code    36  kservice.o(.text)
    _rt_errno                                0x08007dad   Thumb Code    30  kservice.o(.text)
    rt_memset                                0x08007dcb   Thumb Code    72  kservice.o(.text)
    rt_memcpy                                0x08007e13   Thumb Code   124  kservice.o(.text)
    rt_memmove                               0x08007e8f   Thumb Code    66  kservice.o(.text)
    rt_memcmp                                0x08007ed1   Thumb Code    38  kservice.o(.text)
    rt_strlen                                0x08007ef7   Thumb Code    18  kservice.o(.text)
    rt_strstr                                0x08007f09   Thumb Code    58  kservice.o(.text)
    rt_strcasecmp                            0x08007f43   Thumb Code    48  kservice.o(.text)
    rt_strncpy                               0x08007f73   Thumb Code    52  kservice.o(.text)
    rt_strncmp                               0x08007fa7   Thumb Code    40  kservice.o(.text)
    rt_strcmp                                0x08007fcf   Thumb Code    28  kservice.o(.text)
    rt_strnlen                               0x08007feb   Thumb Code    24  kservice.o(.text)
    rt_strdup                                0x08008003   Thumb Code    40  kservice.o(.text)
    rt_hw_console_output                     0x0800802b   Thumb Code     2  kservice.o(.text)
    rt_vsnprintf                             0x080081e3   Thumb Code   800  kservice.o(.text)
    rt_kprintf                               0x08008503   Thumb Code    96  kservice.o(.text)
    rt_show_version                          0x08008563   Thumb Code    38  kservice.o(.text)
    rt_snprintf                              0x08008589   Thumb Code    38  kservice.o(.text)
    rt_vsprintf                              0x080085af   Thumb Code    22  kservice.o(.text)
    rt_sprintf                               0x080085c5   Thumb Code    34  kservice.o(.text)
    rt_console_get_device                    0x080085e7   Thumb Code     6  kservice.o(.text)
    rt_console_set_device                    0x080085ed   Thumb Code    48  kservice.o(.text)
    rt_kputs                                 0x0800861d   Thumb Code    72  kservice.o(.text)
    rt_malloc_align                          0x08008665   Thumb Code    66  kservice.o(.text)
    rt_free_align                            0x080086a7   Thumb Code    16  kservice.o(.text)
    __rt_ffs                                 0x080086b7   Thumb Code    70  kservice.o(.text)
    rt_assert_set_hook                       0x080086fd   Thumb Code     6  kservice.o(.text)
    rt_assert_handler                        0x08008703   Thumb Code    56  kservice.o(.text)
    rt_malloc_sethook                        0x08008815   Thumb Code     6  mem.o(.text)
    rt_free_sethook                          0x0800881b   Thumb Code     6  mem.o(.text)
    rt_system_heap_init                      0x080088c1   Thumb Code   204  mem.o(.text)
    rt_malloc                                0x0800898d   Thumb Code   520  mem.o(.text)
    rt_free                                  0x08008b95   Thumb Code   602  mem.o(.text)
    rt_realloc                               0x08008def   Thumb Code   312  mem.o(.text)
    rt_calloc                                0x08008f27   Thumb Code    84  mem.o(.text)
    rt_memory_info                           0x08008f7b   Thumb Code    26  mem.o(.text)
    list_mem                                 0x08008f95   Thumb Code    34  mem.o(.text)
    rt_object_attach_sethook                 0x080090a9   Thumb Code     6  object.o(.text)
    rt_object_detach_sethook                 0x080090af   Thumb Code     6  object.o(.text)
    rt_object_trytake_sethook                0x080090b5   Thumb Code     6  object.o(.text)
    rt_object_take_sethook                   0x080090bb   Thumb Code     6  object.o(.text)
    rt_object_put_sethook                    0x080090c1   Thumb Code     6  object.o(.text)
    rt_system_object_init                    0x080090c7   Thumb Code     2  object.o(.text)
    rt_object_get_information                0x080090c9   Thumb Code    10  object.o(.text)
    rt_object_init                           0x080090d3   Thumb Code    76  object.o(.text)
    rt_object_detach                         0x0800911f   Thumb Code    56  object.o(.text)
    rt_object_allocate                       0x08009157   Thumb Code   132  object.o(.text)
    rt_object_delete                         0x080091db   Thumb Code    84  object.o(.text)
    rt_object_is_systemobject                0x0800922f   Thumb Code    34  object.o(.text)
    rt_object_find                           0x08009251   Thumb Code   126  object.o(.text)
    rt_scheduler_sethook                     0x08009365   Thumb Code     6  scheduler.o(.text)
    rt_system_scheduler_init                 0x080093c5   Thumb Code    56  scheduler.o(.text)
    rt_system_scheduler_start                0x080093fd   Thumb Code    36  scheduler.o(.text)
    rt_schedule                              0x08009421   Thumb Code   134  scheduler.o(.text)
    rt_schedule_insert_thread                0x080094a7   Thumb Code    82  scheduler.o(.text)
    rt_schedule_remove_thread                0x080094f9   Thumb Code    94  scheduler.o(.text)
    rt_enter_critical                        0x08009557   Thumb Code    28  scheduler.o(.text)
    rt_exit_critical                         0x08009573   Thumb Code    54  scheduler.o(.text)
    rt_critical_level                        0x080095a9   Thumb Code     8  scheduler.o(.text)
    rt_thread_suspend_sethook                0x0800966d   Thumb Code     6  thread.o(.text)
    rt_thread_resume_sethook                 0x08009673   Thumb Code     6  thread.o(.text)
    rt_thread_inited_sethook                 0x08009679   Thumb Code     6  thread.o(.text)
    rt_thread_exit                           0x0800967f   Thumb Code    76  thread.o(.text)
    rt_thread_timeout                        0x080096cb   Thumb Code    66  thread.o(.text)
    rt_thread_init                           0x080097ad   Thumb Code    74  thread.o(.text)
    rt_thread_self                           0x080097f7   Thumb Code     6  thread.o(.text)
    rt_thread_resume                         0x080097fd   Thumb Code    96  thread.o(.text)
    rt_thread_startup                        0x0800985d   Thumb Code    84  thread.o(.text)
    rt_thread_detach                         0x080098b1   Thumb Code    80  thread.o(.text)
    rt_thread_create                         0x08009901   Thumb Code    80  thread.o(.text)
    rt_thread_delete                         0x08009951   Thumb Code    70  thread.o(.text)
    rt_thread_yield                          0x08009997   Thumb Code    88  thread.o(.text)
    rt_thread_suspend                        0x080099ef   Thumb Code   298  thread.o(.text)
    rt_thread_sleep                          0x08009b19   Thumb Code    78  thread.o(.text)
    rt_thread_delay                          0x08009b67   Thumb Code    12  thread.o(.text)
    rt_thread_control                        0x08009b73   Thumb Code   130  thread.o(.text)
    rt_thread_find                           0x08009bf5   Thumb Code    76  thread.o(.text)
    rt_timer_timeout_sethook                 0x08009c5f   Thumb Code     6  timer.o(.text)
    rt_timer_init                            0x08009cf1   Thumb Code    58  timer.o(.text)
    rt_timer_detach                          0x08009d2b   Thumb Code    44  timer.o(.text)
    rt_timer_create                          0x08009d57   Thumb Code    54  timer.o(.text)
    rt_timer_delete                          0x08009d8d   Thumb Code    46  timer.o(.text)
    rt_timer_start                           0x08009dbb   Thumb Code   292  timer.o(.text)
    rt_timer_stop                            0x08009edf   Thumb Code    80  timer.o(.text)
    rt_timer_control                         0x08009f2f   Thumb Code    76  timer.o(.text)
    rt_timer_check                           0x08009f7b   Thumb Code   148  timer.o(.text)
    rt_timer_next_timeout_tick               0x0800a00f   Thumb Code    10  timer.o(.text)
    rt_system_timer_init                     0x0800a019   Thumb Code    24  timer.o(.text)
    rt_system_timer_thread_init              0x0800a031   Thumb Code     2  timer.o(.text)
    rt_hw_stack_init                         0x0800a0ad   Thumb Code    74  cpuport.o(.text)
    rt_hw_exception_install                  0x0800a0f7   Thumb Code     6  cpuport.o(.text)
    rt_hw_hard_fault_exception               0x0800a0fd   Thumb Code   112  cpuport.o(.text)
    rt_hw_cpu_shutdown                       0x0800a16d   Thumb Code    20  cpuport.o(.text)
    rt_hw_interrupt_disable                  0x0800a23d   Thumb Code     8  context_rvds.o(.text)
    rt_hw_interrupt_enable                   0x0800a245   Thumb Code     6  context_rvds.o(.text)
    rt_hw_context_switch                     0x0800a24b   Thumb Code    32  context_rvds.o(.text)
    rt_hw_context_switch_interrupt           0x0800a24b   Thumb Code     0  context_rvds.o(.text)
    PendSV_Handler                           0x0800a26b   Thumb Code   108  context_rvds.o(.text)
    rt_hw_context_switch_to                  0x0800a2d7   Thumb Code    68  context_rvds.o(.text)
    rt_hw_interrupt_thread_switch            0x0800a31b   Thumb Code     2  context_rvds.o(.text)
    HardFault_Handler                        0x0800a31d   Thumb Code    20  context_rvds.o(.text)
    rt_device_pin_register                   0x0800a3f9   Thumb Code    56  pin.o(.text)
    rt_pin_attach_irq                        0x0800a431   Thumb Code    60  pin.o(.text)
    rt_pin_dettach_irq                       0x0800a46d   Thumb Code    46  pin.o(.text)
    pin_irq_enable                           0x0800a49b   Thumb Code    50  pin.o(.text)
    rt_pin_mode                              0x0800a4cd   Thumb Code    38  pin.o(.text)
    rt_pin_write                             0x0800a4f3   Thumb Code    38  pin.o(.text)
    rt_pin_read                              0x0800a519   Thumb Code    34  pin.o(.text)
    rt_hw_serial_register                    0x0800ad2b   Thumb Code    76  serial.o(.text)
    rt_hw_serial_isr                         0x0800ad77   Thumb Code   498  serial.o(.text)
    rt_completion_init                       0x0800b199   Thumb Code    42  completion.o(.text)
    rt_completion_wait                       0x0800b1c3   Thumb Code   198  completion.o(.text)
    rt_completion_done                       0x0800b289   Thumb Code    76  completion.o(.text)
    rt_data_queue_init                       0x0800b36f   Thumb Code    76  dataqueue.o(.text)
    rt_data_queue_push                       0x0800b3bb   Thumb Code   282  dataqueue.o(.text)
    rt_data_queue_pop                        0x0800b4d5   Thumb Code   342  dataqueue.o(.text)
    rt_data_queue_peak                       0x0800b62b   Thumb Code   104  dataqueue.o(.text)
    rt_data_queue_reset                      0x0800b693   Thumb Code   106  dataqueue.o(.text)
    finsh_get_prompt                         0x0800b785   Thumb Code    38  shell.o(.text)
    finsh_set_device                         0x0800b7cd   Thumb Code   156  shell.o(.text)
    finsh_get_device                         0x0800b869   Thumb Code    28  shell.o(.text)
    finsh_set_echo                           0x0800b885   Thumb Code    30  shell.o(.text)
    finsh_get_echo                           0x0800b8a3   Thumb Code    32  shell.o(.text)
    finsh_thread_entry                       0x0800b9af   Thumb Code  1568  shell.o(.text)
    finsh_system_function_init               0x0800bfcf   Thumb Code    10  shell.o(.text)
    finsh_system_var_init                    0x0800bfd9   Thumb Code    10  shell.o(.text)
    finsh_system_init                        0x0800bfe3   Thumb Code   194  shell.o(.text)
    hello                                    0x0800c0d5   Thumb Code    12  cmd.o(.text)
    version                                  0x0800c0e1   Thumb Code    10  cmd.o(.text)
    list_thread                              0x0800c1e9   Thumb Code    10  cmd.o(.text)
    list_sem                                 0x0800c2ab   Thumb Code    12  cmd.o(.text)
    list_event                               0x0800c335   Thumb Code    12  cmd.o(.text)
    list_mutex                               0x0800c39d   Thumb Code    12  cmd.o(.text)
    list_mailbox                             0x0800c44d   Thumb Code    12  cmd.o(.text)
    list_msgqueue                            0x0800c7c3   Thumb Code    10  cmd.o(.text)
    list_mempool                             0x0800c853   Thumb Code    12  cmd.o(.text)
    list_timer                               0x0800c8cf   Thumb Code    12  cmd.o(.text)
    list_device                              0x0800c957   Thumb Code    12  cmd.o(.text)
    list                                     0x0800c963   Thumb Code    54  cmd.o(.text)
    msh_is_used                              0x0800cbb9   Thumb Code     4  msh.o(.text)
    msh_help                                 0x0800cbbd   Thumb Code    66  msh.o(.text)
    msh_exec                                 0x0800cd6d   Thumb Code    82  msh.o(.text)
    msh_auto_complete                        0x0800cddf   Thumb Code   138  msh.o(.text)
    cmd_ps                                   0x0800cecd   Thumb Code    14  msh_cmd.o(.text)
    cmd_time                                 0x0800cedb   Thumb Code     6  msh_cmd.o(.text)
    cmd_free                                 0x0800cee1   Thumb Code    14  msh_cmd.o(.text)
    __aeabi_memcpy                           0x0800ceef   Thumb Code    36  memcpya.o(.text)
    __aeabi_memcpy4                          0x0800ceef   Thumb Code     0  memcpya.o(.text)
    __aeabi_memcpy8                          0x0800ceef   Thumb Code     0  memcpya.o(.text)
    __aeabi_memset                           0x0800cf13   Thumb Code    14  memseta.o(.text)
    __aeabi_memset4                          0x0800cf13   Thumb Code     0  memseta.o(.text)
    __aeabi_memset8                          0x0800cf13   Thumb Code     0  memseta.o(.text)
    __aeabi_memclr                           0x0800cf21   Thumb Code     4  memseta.o(.text)
    __aeabi_memclr4                          0x0800cf21   Thumb Code     0  memseta.o(.text)
    __aeabi_memclr8                          0x0800cf21   Thumb Code     0  memseta.o(.text)
    _memset$wrapper                          0x0800cf25   Thumb Code    18  memseta.o(.text)
    strcat                                   0x0800cf37   Thumb Code    24  strcat.o(.text)
    strlen                                   0x0800cf4f   Thumb Code    14  strlen.o(.text)
    strcpy                                   0x0800cf5d   Thumb Code    18  strcpy.o(.text)
    strncmp                                  0x0800cf6f   Thumb Code    30  strncmp.o(.text)
    __aeabi_d2f                              0x0800cf8d   Thumb Code    56  d2f.o(.text)
    __strtod_int                             0x0800cffb   Thumb Code    90  strtod.o(.text)
    __I$use$fp                               0x0800d061   Thumb Code     0  iusefp.o(.text)
    _float_round                             0x0800d061   Thumb Code    18  fepilogue.o(.text)
    _float_epilogue                          0x0800d073   Thumb Code    92  fepilogue.o(.text)
    __scatterload                            0x0800d0d1   Thumb Code    28  init.o(.text)
    __scatterload_rt2                        0x0800d0d1   Thumb Code     0  init.o(.text)
    isspace                                  0x0800d0f5   Thumb Code    10  isspace_c.o(.text)
    _scanf_real                              0x0800d201   Thumb Code     0  scanf_fp.o(.text)
    _scanf_really_real                       0x0800d201   Thumb Code   556  scanf_fp.o(.text)
    _sgetc                                   0x0800d439   Thumb Code    30  _sgetc.o(.text)
    _sbackspace                              0x0800d457   Thumb Code    34  _sgetc.o(.text)
    __ctype_lookup                           0x0800d479   Thumb Code    34  ctype_c.o(.text)
    __aeabi_dmul                             0x0800d4a1   Thumb Code   228  dmul.o(.text)
    __aeabi_ddiv                             0x0800d585   Thumb Code   222  ddiv.o(.text)
    __aeabi_ul2d                             0x0800d663   Thumb Code    24  dfltul.o(.text)
    _double_round                            0x0800d67b   Thumb Code    30  depilogue.o(.text)
    _double_epilogue                         0x0800d699   Thumb Code   156  depilogue.o(.text)
    __aeabi_llsl                             0x0800d735   Thumb Code    30  llshl.o(.text)
    _ll_shift_l                              0x0800d735   Thumb Code     0  llshl.o(.text)
    __aeabi_llsr                             0x0800d753   Thumb Code    32  llushr.o(.text)
    _ll_ushift_r                             0x0800d753   Thumb Code     0  llushr.o(.text)
    __decompress                             0x0800d773   Thumb Code     0  __dczerorl2.o(.text)
    __decompress1                            0x0800d773   Thumb Code    86  __dczerorl2.o(.text)
    __hardfp_atof                            0x0800d7c9   Thumb Code    44  atof.o(i.__hardfp_atof)
    __read_errno                             0x0800d801   Thumb Code     6  errno.o(i.__read_errno)
    __scatterload_copy                       0x0800d80d   Thumb Code    14  handlers.o(i.__scatterload_copy)
    __scatterload_null                       0x0800d81b   Thumb Code     2  handlers.o(i.__scatterload_null)
    __scatterload_zeroinit                   0x0800d81d   Thumb Code    14  handlers.o(i.__scatterload_zeroinit)
    __set_errno                              0x0800d82d   Thumb Code     6  errno.o(i.__set_errno)
    _is_digit                                0x0800d839   Thumb Code    14  scanf_fp.o(i._is_digit)
    __lowest_bit_bitmap                      0x0800deb1   Data         256  kservice.o(.constdata)
    __ctype_categories                       0x0800e4c2   Data          64  ctype_c.o(.constdata)
    __fsym___cmd_fsp_name                    0x0800e751   Data          10  fan_control.o(.rodata.name)
    __fsym___cmd_fsp_desc                    0x0800e75b   Data          20  fan_control.o(.rodata.name)
    __fsym_list_mem_name                     0x0800e76f   Data           9  mem.o(.rodata.name)
    __fsym_list_mem_desc                     0x0800e778   Data          30  mem.o(.rodata.name)
    __fsym_pinMode_name                      0x0800e796   Data           8  pin.o(.rodata.name)
    __fsym_pinMode_desc                      0x0800e79e   Data          22  pin.o(.rodata.name)
    __fsym_pinWrite_name                     0x0800e7b4   Data           9  pin.o(.rodata.name)
    __fsym_pinWrite_desc                     0x0800e7bd   Data          28  pin.o(.rodata.name)
    __fsym_pinRead_name                      0x0800e7d9   Data           8  pin.o(.rodata.name)
    __fsym_pinRead_desc                      0x0800e7e1   Data          30  pin.o(.rodata.name)
    __fsym_hello_name                        0x0800e7ff   Data           6  cmd.o(.rodata.name)
    __fsym_hello_desc                        0x0800e805   Data          16  cmd.o(.rodata.name)
    __fsym_version_name                      0x0800e815   Data           8  cmd.o(.rodata.name)
    __fsym_version_desc                      0x0800e81d   Data          35  cmd.o(.rodata.name)
    __fsym___cmd_version_name                0x0800e840   Data          14  cmd.o(.rodata.name)
    __fsym___cmd_version_desc                0x0800e84e   Data          35  cmd.o(.rodata.name)
    __fsym_list_thread_name                  0x0800e871   Data          12  cmd.o(.rodata.name)
    __fsym_list_thread_desc                  0x0800e87d   Data          12  cmd.o(.rodata.name)
    __fsym___cmd_list_thread_name            0x0800e889   Data          18  cmd.o(.rodata.name)
    __fsym___cmd_list_thread_desc            0x0800e89b   Data          12  cmd.o(.rodata.name)
    __fsym_list_sem_name                     0x0800e8a7   Data           9  cmd.o(.rodata.name)
    __fsym_list_sem_desc                     0x0800e8b0   Data          25  cmd.o(.rodata.name)
    __fsym___cmd_list_sem_name               0x0800e8c9   Data          15  cmd.o(.rodata.name)
    __fsym___cmd_list_sem_desc               0x0800e8d8   Data          25  cmd.o(.rodata.name)
    __fsym_list_event_name                   0x0800e8f1   Data          11  cmd.o(.rodata.name)
    __fsym_list_event_desc                   0x0800e8fc   Data          21  cmd.o(.rodata.name)
    __fsym___cmd_list_event_name             0x0800e911   Data          17  cmd.o(.rodata.name)
    __fsym___cmd_list_event_desc             0x0800e922   Data          21  cmd.o(.rodata.name)
    __fsym_list_mutex_name                   0x0800e937   Data          11  cmd.o(.rodata.name)
    __fsym_list_mutex_desc                   0x0800e942   Data          21  cmd.o(.rodata.name)
    __fsym___cmd_list_mutex_name             0x0800e957   Data          17  cmd.o(.rodata.name)
    __fsym___cmd_list_mutex_desc             0x0800e968   Data          21  cmd.o(.rodata.name)
    __fsym_list_mailbox_name                 0x0800e97d   Data          13  cmd.o(.rodata.name)
    __fsym_list_mailbox_desc                 0x0800e98a   Data          24  cmd.o(.rodata.name)
    __fsym___cmd_list_mailbox_name           0x0800e9a2   Data          19  cmd.o(.rodata.name)
    __fsym___cmd_list_mailbox_desc           0x0800e9b5   Data          24  cmd.o(.rodata.name)
    __fsym_list_msgqueue_name                0x0800e9cd   Data          14  cmd.o(.rodata.name)
    __fsym_list_msgqueue_desc                0x0800e9db   Data          29  cmd.o(.rodata.name)
    __fsym___cmd_list_msgqueue_name          0x0800e9f8   Data          20  cmd.o(.rodata.name)
    __fsym___cmd_list_msgqueue_desc          0x0800ea0c   Data          29  cmd.o(.rodata.name)
    __fsym_list_mempool_name                 0x0800ea29   Data          13  cmd.o(.rodata.name)
    __fsym_list_mempool_desc                 0x0800ea36   Data          27  cmd.o(.rodata.name)
    __fsym___cmd_list_mempool_name           0x0800ea51   Data          19  cmd.o(.rodata.name)
    __fsym___cmd_list_mempool_desc           0x0800ea64   Data          27  cmd.o(.rodata.name)
    __fsym_list_timer_name                   0x0800ea7f   Data          11  cmd.o(.rodata.name)
    __fsym_list_timer_desc                   0x0800ea8a   Data          21  cmd.o(.rodata.name)
    __fsym___cmd_list_timer_name             0x0800ea9f   Data          17  cmd.o(.rodata.name)
    __fsym___cmd_list_timer_desc             0x0800eab0   Data          21  cmd.o(.rodata.name)
    __fsym_list_device_name                  0x0800eac5   Data          12  cmd.o(.rodata.name)
    __fsym_list_device_desc                  0x0800ead1   Data          22  cmd.o(.rodata.name)
    __fsym___cmd_list_device_name            0x0800eae7   Data          18  cmd.o(.rodata.name)
    __fsym___cmd_list_device_desc            0x0800eaf9   Data          22  cmd.o(.rodata.name)
    __fsym_list_name                         0x0800eb0f   Data           5  cmd.o(.rodata.name)
    __fsym_list_desc                         0x0800eb14   Data          26  cmd.o(.rodata.name)
    __fsym___cmd_help_name                   0x0800eb2e   Data          11  msh.o(.rodata.name)
    __fsym___cmd_help_desc                   0x0800eb39   Data          22  msh.o(.rodata.name)
    __fsym___cmd_ps_name                     0x0800eb4f   Data           9  msh_cmd.o(.rodata.name)
    __fsym___cmd_ps_desc                     0x0800eb58   Data          28  msh_cmd.o(.rodata.name)
    __fsym___cmd_time_name                   0x0800eb74   Data          11  msh_cmd.o(.rodata.name)
    __fsym___cmd_time_desc                   0x0800eb7f   Data          27  msh_cmd.o(.rodata.name)
    __fsym___cmd_free_name                   0x0800eb9a   Data          11  msh_cmd.o(.rodata.name)
    __fsym___cmd_free_desc                   0x0800eba5   Data          37  msh_cmd.o(.rodata.name)
    FSymTab$$Base                            0x0800ebcc   Number         0  fan_control.o(FSymTab)
    __fsym___cmd_fsp                         0x0800ebcc   Data          12  fan_control.o(FSymTab)
    __fsym_list_mem                          0x0800ebd8   Data          12  mem.o(FSymTab)
    __fsym_pinMode                           0x0800ebe4   Data          12  pin.o(FSymTab)
    __fsym_pinWrite                          0x0800ebf0   Data          12  pin.o(FSymTab)
    __fsym_pinRead                           0x0800ebfc   Data          12  pin.o(FSymTab)
    __fsym_hello                             0x0800ec08   Data          12  cmd.o(FSymTab)
    __fsym_version                           0x0800ec14   Data          12  cmd.o(FSymTab)
    __fsym___cmd_version                     0x0800ec20   Data          12  cmd.o(FSymTab)
    __fsym_list_thread                       0x0800ec2c   Data          12  cmd.o(FSymTab)
    __fsym___cmd_list_thread                 0x0800ec38   Data          12  cmd.o(FSymTab)
    __fsym_list_sem                          0x0800ec44   Data          12  cmd.o(FSymTab)
    __fsym___cmd_list_sem                    0x0800ec50   Data          12  cmd.o(FSymTab)
    __fsym_list_event                        0x0800ec5c   Data          12  cmd.o(FSymTab)
    __fsym___cmd_list_event                  0x0800ec68   Data          12  cmd.o(FSymTab)
    __fsym_list_mutex                        0x0800ec74   Data          12  cmd.o(FSymTab)
    __fsym___cmd_list_mutex                  0x0800ec80   Data          12  cmd.o(FSymTab)
    __fsym_list_mailbox                      0x0800ec8c   Data          12  cmd.o(FSymTab)
    __fsym___cmd_list_mailbox                0x0800ec98   Data          12  cmd.o(FSymTab)
    __fsym_list_msgqueue                     0x0800eca4   Data          12  cmd.o(FSymTab)
    __fsym___cmd_list_msgqueue               0x0800ecb0   Data          12  cmd.o(FSymTab)
    __fsym_list_mempool                      0x0800ecbc   Data          12  cmd.o(FSymTab)
    __fsym___cmd_list_mempool                0x0800ecc8   Data          12  cmd.o(FSymTab)
    __fsym_list_timer                        0x0800ecd4   Data          12  cmd.o(FSymTab)
    __fsym___cmd_list_timer                  0x0800ece0   Data          12  cmd.o(FSymTab)
    __fsym_list_device                       0x0800ecec   Data          12  cmd.o(FSymTab)
    __fsym___cmd_list_device                 0x0800ecf8   Data          12  cmd.o(FSymTab)
    __fsym_list                              0x0800ed04   Data          12  cmd.o(FSymTab)
    __fsym___cmd_help                        0x0800ed10   Data          12  msh.o(FSymTab)
    __fsym___cmd_ps                          0x0800ed1c   Data          12  msh_cmd.o(FSymTab)
    __fsym___cmd_time                        0x0800ed28   Data          12  msh_cmd.o(FSymTab)
    __fsym___cmd_free                        0x0800ed34   Data          12  msh_cmd.o(FSymTab)
    FSymTab$$Limit                           0x0800ed40   Number         0  msh_cmd.o(FSymTab)
    Region$$Table$$Base                      0x0800ed40   Number         0  anon$$obj.o(Region$$Table)
    Region$$Table$$Limit                     0x0800ed60   Number         0  anon$$obj.o(Region$$Table)
    uart1                                    0x20000000   Data          32  usart.o(.data)
    uart2                                    0x20000020   Data          32  usart.o(.data)
    uart3                                    0x20000040   Data          32  usart.o(.data)
    SystemCoreClock                          0x20000064   Data           4  system_stm32f4xx.o(.data)
    AHBPrescTable                            0x20000068   Data          16  system_stm32f4xx.o(.data)
    rt_interrupt_nest                        0x20000098   Data           1  irq.o(.data)
    rt_assert_hook                           0x200000a4   Data           4  kservice.o(.data)
    rt_object_container                      0x200000c8   Data         144  object.o(.data)
    rt_object_trytake_hook                   0x20000160   Data           4  object.o(.data)
    rt_object_take_hook                      0x20000164   Data           4  object.o(.data)
    rt_object_put_hook                       0x20000168   Data           4  object.o(.data)
    rt_current_thread                        0x20000170   Data           4  scheduler.o(.data)
    rt_current_priority                      0x20000174   Data           1  scheduler.o(.data)
    rt_thread_ready_priority_group           0x20000178   Data           4  scheduler.o(.data)
    rt_thread_defunct                        0x2000017c   Data           8  scheduler.o(.data)
    rt_interrupt_from_thread                 0x200001a4   Data           4  cpuport.o(.data)
    rt_interrupt_to_thread                   0x200001a8   Data           4  cpuport.o(.data)
    rt_thread_switch_interrupt_flag          0x200001ac   Data           4  cpuport.o(.data)
    shell                                    0x200001b4   Data           4  shell.o(.data)
    _syscall_table_begin                     0x200001b8   Data           4  symbol.o(.data)
    _syscall_table_end                       0x200001bc   Data           4  symbol.o(.data)
    _sysvar_table_begin                      0x200001c0   Data           4  symbol.o(.data)
    _sysvar_table_end                        0x200001c4   Data           4  symbol.o(.data)
    serial1                                  0x200001cc   Data          84  usart.o(.bss)
    serial2                                  0x20000220   Data          84  usart.o(.bss)
    serial3                                  0x20000274   Data          84  usart.o(.bss)
    rt_thread_priority_table                 0x200007e8   Data         256  scheduler.o(.bss)
    Image$$RW_IRAM1$$ZI$$Limit               0x20001630   Number         0  anon$$obj.o ABSOLUTE
    __initial_sp                             0x20001630   Data           0  startup_stm32f4xx.o(STACK)



==============================================================================

Memory Map of the image

  Image Entry point : 0x08000189

  Load Region LR_IROM1 (Base: 0x08000000, Size: 0x0000ef2c, Max: 0x00100000, ABSOLUTE, COMPRESSED[0x0000edf0])

    Execution Region ER_IROM1 (Base: 0x08000000, Size: 0x0000ed60, Max: 0x00100000, ABSOLUTE)

    Base Addr    Size         Type   Attr      Idx    E Section Name        Object

    0x08000000   0x00000188   Data   RO          859    RESET               startup_stm32f4xx.o
    0x08000188   0x00000000   Code   RO         1374  * .ARM.Collect$$$$00000000  mc_w.l(entry.o)
    0x08000188   0x00000004   Code   RO         1393    .ARM.Collect$$$$00000001  mc_w.l(entry2.o)
    0x0800018c   0x00000004   Code   RO         1396    .ARM.Collect$$$$00000004  mc_w.l(entry5.o)
    0x08000190   0x00000000   Code   RO         1398    .ARM.Collect$$$$00000008  mc_w.l(entry7b.o)
    0x08000190   0x00000000   Code   RO         1400    .ARM.Collect$$$$0000000A  mc_w.l(entry8b.o)
    0x08000190   0x00000008   Code   RO         1401    .ARM.Collect$$$$0000000B  mc_w.l(entry9a.o)
    0x08000198   0x00000000   Code   RO         1403    .ARM.Collect$$$$0000000D  mc_w.l(entry10a.o)
    0x08000198   0x00000000   Code   RO         1405    .ARM.Collect$$$$0000000F  mc_w.l(entry11a.o)
    0x08000198   0x00000004   Code   RO         1394    .ARM.Collect$$$$00002712  mc_w.l(entry2.o)
    0x0800019c   0x00000078   Code   RO            2    .text               application.o
    0x08000214   0x000000cc   Code   RO          150    .text               startup.o
    0x080002e0   0x000000b4   Code   RO          170    .text               board.o
    0x08000394   0x00000010   Code   RO          196    .text               stm32f4xx_it.o
    0x080003a4   0x000005c4   Code   RO          212    .text               usart.o
    0x08000968   0x00000204   Code   RO          246    .text               platform.o
    0x08000b6c   0x00000074   Code   RO          262    .text               fan_control.o
    0x08000be0   0x0000010c   Code   RO          299    .text               gpio.o
    0x08000cec   0x0000040c   Code   RO          317    .text               lcd_r61529.o
    0x080010f8   0x00000210   Code   RO          338    .text               system_stm32f4xx.o
    0x08001308   0x000001ec   Code   RO          360    .text               misc.o
    0x080014f4   0x00000610   Code   RO          488    .text               stm32f4xx_dac.o
    0x08001b04   0x000013cc   Code   RO          536    .text               stm32f4xx_dma.o
    0x08002ed0   0x00000d9c   Code   RO          584    .text               stm32f4xx_fsmc.o
    0x08003c6c   0x00000916   Code   RO          600    .text               stm32f4xx_gpio.o
    0x08004582   0x00000002   PAD
    0x08004584   0x00000d7c   Code   RO          712    .text               stm32f4xx_rcc.o
    0x08005300   0x00000eb4   Code   RO          826    .text               stm32f4xx_usart.o
    0x080061b4   0x00000024   Code   RO          860    .text               startup_stm32f4xx.o
    0x080061d8   0x00000064   Code   RO          864    .text               clock.o
    0x0800623c   0x00000324   Code   RO          878    .text               device.o
    0x08006560   0x00000138   Code   RO          892    .text               idle.o
    0x08006698   0x00001654   Code   RO          912    .text               ipc.o
    0x08007cec   0x0000007c   Code   RO          929    .text               irq.o
    0x08007d68   0x00000aac   Code   RO          944    .text               kservice.o
    0x08008814   0x00000874   Code   RO          964    .text               mem.o
    0x08009088   0x000002dc   Code   RO         1002    .text               object.o
    0x08009364   0x000002e8   Code   RO         1021    .text               scheduler.o
    0x0800964c   0x00000604   Code   RO         1042    .text               thread.o
    0x08009c50   0x0000045c   Code   RO         1061    .text               timer.o
    0x0800a0ac   0x00000190   Code   RO         1080    .text               cpuport.o
    0x0800a23c   0x0000010c   Code   RO         1096    .text               context_rvds.o
    0x0800a348   0x00000250   Code   RO         1134    .text               pin.o
    0x0800a598   0x00000c00   Code   RO         1152    .text               serial.o
    0x0800b198   0x000001c8   Code   RO         1165    .text               completion.o
    0x0800b360   0x00000424   Code   RO         1181    .text               dataqueue.o
    0x0800b784   0x0000093c   Code   RO         1270    .text               shell.o
    0x0800c0c0   0x00000af8   Code   RO         1307    .text               cmd.o
    0x0800cbb8   0x00000314   Code   RO         1329    .text               msh.o
    0x0800cecc   0x00000022   Code   RO         1346    .text               msh_cmd.o
    0x0800ceee   0x00000024   Code   RO         1377    .text               mc_w.l(memcpya.o)
    0x0800cf12   0x00000024   Code   RO         1379    .text               mc_w.l(memseta.o)
    0x0800cf36   0x00000018   Code   RO         1381    .text               mc_w.l(strcat.o)
    0x0800cf4e   0x0000000e   Code   RO         1383    .text               mc_w.l(strlen.o)
    0x0800cf5c   0x00000012   Code   RO         1385    .text               mc_w.l(strcpy.o)
    0x0800cf6e   0x0000001e   Code   RO         1387    .text               mc_w.l(strncmp.o)
    0x0800cf8c   0x00000038   Code   RO         1391    .text               mf_w.l(d2f.o)
    0x0800cfc4   0x0000009c   Code   RO         1414    .text               mc_w.l(strtod.o)
    0x0800d060   0x00000000   Code   RO         1416    .text               mc_w.l(iusefp.o)
    0x0800d060   0x0000006e   Code   RO         1417    .text               mf_w.l(fepilogue.o)
    0x0800d0ce   0x00000002   PAD
    0x0800d0d0   0x00000024   Code   RO         1419    .text               mc_w.l(init.o)
    0x0800d0f4   0x0000000a   Code   RO         1421    .text               mc_w.l(isspace_c.o)
    0x0800d0fe   0x00000002   PAD
    0x0800d100   0x00000338   Code   RO         1423    .text               mc_w.l(scanf_fp.o)
    0x0800d438   0x00000040   Code   RO         1427    .text               mc_w.l(_sgetc.o)
    0x0800d478   0x00000028   Code   RO         1429    .text               mc_w.l(ctype_c.o)
    0x0800d4a0   0x000000e4   Code   RO         1432    .text               mf_w.l(dmul.o)
    0x0800d584   0x000000de   Code   RO         1434    .text               mf_w.l(ddiv.o)
    0x0800d662   0x00000018   Code   RO         1436    .text               mf_w.l(dfltul.o)
    0x0800d67a   0x000000ba   Code   RO         1438    .text               mf_w.l(depilogue.o)
    0x0800d734   0x0000001e   Code   RO         1440    .text               mc_w.l(llshl.o)
    0x0800d752   0x00000020   Code   RO         1442    .text               mc_w.l(llushr.o)
    0x0800d772   0x00000056   Code   RO         1452    .text               mc_w.l(__dczerorl2.o)
    0x0800d7c8   0x00000038   Code   RO         1368    i.__hardfp_atof     m_wm.l(atof.o)
    0x0800d800   0x0000000c   Code   RO         1408    i.__read_errno      mc_w.l(errno.o)
    0x0800d80c   0x0000000e   Code   RO         1446    i.__scatterload_copy  mc_w.l(handlers.o)
    0x0800d81a   0x00000002   Code   RO         1447    i.__scatterload_null  mc_w.l(handlers.o)
    0x0800d81c   0x0000000e   Code   RO         1448    i.__scatterload_zeroinit  mc_w.l(handlers.o)
    0x0800d82a   0x00000002   PAD
    0x0800d82c   0x0000000c   Code   RO         1409    i.__set_errno       mc_w.l(errno.o)
    0x0800d838   0x0000000e   Code   RO         1425    i._is_digit         mc_w.l(scanf_fp.o)
    0x0800d846   0x00000002   PAD
    0x0800d848   0x0000005c   Data   RO          214    .constdata          usart.o
    0x0800d8a4   0x00000378   Data   RO          300    .constdata          gpio.o
    0x0800dc1c   0x000000a8   Data   RO          879    .constdata          device.o
    0x0800dcc4   0x00000016   Data   RO          894    .constdata          idle.o
    0x0800dcda   0x000001d7   Data   RO          913    .constdata          ipc.o
    0x0800deb1   0x00000122   Data   RO          946    .constdata          kservice.o
    0x0800dfd3   0x00000046   Data   RO          966    .constdata          mem.o
    0x0800e019   0x0000005e   Data   RO         1003    .constdata          object.o
    0x0800e077   0x0000004e   Data   RO         1023    .constdata          scheduler.o
    0x0800e0c5   0x000000aa   Data   RO         1043    .constdata          thread.o
    0x0800e16f   0x0000005c   Data   RO         1062    .constdata          timer.o
    0x0800e1cb   0x00000013   Data   RO         1081    .constdata          cpuport.o
    0x0800e1de   0x0000007b   Data   RO         1136    .constdata          pin.o
    0x0800e259   0x00000124   Data   RO         1153    .constdata          serial.o
    0x0800e37d   0x00000039   Data   RO         1166    .constdata          completion.o
    0x0800e3b6   0x0000004b   Data   RO         1182    .constdata          dataqueue.o
    0x0800e401   0x00000060   Data   RO         1272    .constdata          shell.o
    0x0800e461   0x00000003   PAD
    0x0800e464   0x00000050   Data   RO         1308    .constdata          cmd.o
    0x0800e4b4   0x0000000e   Data   RO         1330    .constdata          msh.o
    0x0800e4c2   0x00000040   Data   RO         1430    .constdata          mc_w.l(ctype_c.o)
    0x0800e502   0x00000002   PAD
    0x0800e504   0x000000ed   Data   RO          967    .conststring        mem.o
    0x0800e5f1   0x00000003   PAD
    0x0800e5f4   0x0000015d   Data   RO         1309    .conststring        cmd.o
    0x0800e751   0x0000001e   Data   RO          263    .rodata.name        fan_control.o
    0x0800e76f   0x00000027   Data   RO          969    .rodata.name        mem.o
    0x0800e796   0x00000069   Data   RO         1137    .rodata.name        pin.o
    0x0800e7ff   0x0000032f   Data   RO         1310    .rodata.name        cmd.o
    0x0800eb2e   0x00000021   Data   RO         1331    .rodata.name        msh.o
    0x0800eb4f   0x0000007b   Data   RO         1347    .rodata.name        msh_cmd.o
    0x0800ebca   0x00000002   PAD
    0x0800ebcc   0x0000000c   Data   RO          264    FSymTab             fan_control.o
    0x0800ebd8   0x0000000c   Data   RO          970    FSymTab             mem.o
    0x0800ebe4   0x00000024   Data   RO         1138    FSymTab             pin.o
    0x0800ec08   0x00000108   Data   RO         1311    FSymTab             cmd.o
    0x0800ed10   0x0000000c   Data   RO         1332    FSymTab             msh.o
    0x0800ed1c   0x00000024   Data   RO         1348    FSymTab             msh_cmd.o
    0x0800ed40   0x00000020   Data   RO         1444    Region$$Table       anon$$obj.o


    Execution Region RW_IRAM1 (Base: 0x20000000, Size: 0x00001630, Max: 0x00020000, ABSOLUTE, COMPRESSED[0x00000090])

    Base Addr    Size         Type   Attr      Idx    E Section Name        Object

    0x20000000   0x00000060   Data   RW          215    .data               usart.o
    0x20000060   0x00000004   Data   RW          318    .data               lcd_r61529.o
    0x20000064   0x00000014   Data   RW          339    .data               system_stm32f4xx.o
    0x20000078   0x00000010   Data   RW          713    .data               stm32f4xx_rcc.o
    0x20000088   0x00000004   Data   RW          865    .data               clock.o
    0x2000008c   0x00000004   Data   RW          895    .data               idle.o
    0x20000090   0x00000009   Data   RW          930    .data               irq.o
    0x20000099   0x00000003   PAD
    0x2000009c   0x0000000c   Data   RW          947    .data               kservice.o
    0x200000a8   0x00000020   Data   RW          968    .data               mem.o
    0x200000c8   0x000000a4   Data   RW         1004    .data               object.o
    0x2000016c   0x0000001c   Data   RW         1024    .data               scheduler.o
    0x20000188   0x0000000c   Data   RW         1044    .data               thread.o
    0x20000194   0x00000010   Data   RW         1063    .data               timer.o
    0x200001a4   0x00000010   Data   RW         1082    .data               cpuport.o
    0x200001b4   0x00000004   Data   RW         1273    .data               shell.o
    0x200001b8   0x00000010   Data   RW         1294    .data               symbol.o
    0x200001c8   0x00000004   Data   RW         1410    .data               mc_w.l(errno.o)
    0x200001cc   0x000000fc   Zero   RW          213    .bss                usart.o
    0x200002c8   0x00000480   Zero   RW          893    .bss                idle.o
    0x20000748   0x00000080   Zero   RW          945    .bss                kservice.o
    0x200007c8   0x00000020   Zero   RW          965    .bss                mem.o
    0x200007e8   0x00000100   Zero   RW         1022    .bss                scheduler.o
    0x200008e8   0x00000044   Zero   RW         1135    .bss                pin.o
    0x2000092c   0x00000901   Zero   RW         1271    .bss                shell.o
    0x2000122d   0x00000003   PAD
    0x20001230   0x00000400   Zero   RW          857    STACK               startup_stm32f4xx.o


==============================================================================

Image component sizes


      Code (inc. data)   RO Data    RW Data    ZI Data      Debug   Object Name

       120         32          0          0          0     274198   application.o
       180         18          0          0          0      19291   board.o
       100          6          0          4          0       1624   clock.o
      2808       1216       1508          0          0      12482   cmd.o
       456        124         57          0          0       3299   completion.o
       268         24          0          0          0        832   context_rvds.o
       400        188         19         16          0       3811   cpuport.o
      1060        114         75          0          0       6365   dataqueue.o
       804        132        168          0          0       5009   device.o
       116          6         42          0          0       6000   fan_control.o
       268         12        888          0          0       2530   gpio.o
       312         74         22          4       1152       3549   idle.o
      5716        422        471          0          0      20523   ipc.o
       124         14          0          9          0       2004   irq.o
      2732        230        290         12        128      12532   kservice.o
      1036         26          0          4          0       2585   lcd_r61529.o
      2164        560        358         32         32       5631   mem.o
       492         74          0          0          0       2109   misc.o
       788        100         59          0          0       4312   msh.o
        34          0        159          0          0       2379   msh_cmd.o
       732        150         94        164          0       6168   object.o
       592         94        264          0         68       5132   pin.o
       516         14          0          0          0       1211   platform.o
       744        150         78         28        256       5137   scheduler.o
      3072        434        292          0          0       9441   serial.o
      2364        250         96          4       2305       6093   shell.o
       204         98          0          0          0       1355   startup.o
        36          8        392          0       1024        884   startup_stm32f4xx.o
      1552         70          0          0          0       5861   stm32f4xx_dac.o
      5068        352          0          0          0       9033   stm32f4xx_dma.o
      3484         76          0          0          0       6887   stm32f4xx_fsmc.o
      2326        132          0          0          0       5489   stm32f4xx_gpio.o
        16          0          0          0          0        824   stm32f4xx_it.o
      3452        262          0         16          0      13575   stm32f4xx_rcc.o
      3764        164          0          0          0      10160   stm32f4xx_usart.o
         0          0          0         16          0       4485   symbol.o
       528         46          0         20          0       1991   system_stm32f4xx.o
      1540        220        170         12          0       8917   thread.o
      1116        100         92         16          0       7287   timer.o
      1476        152         92         96        252      31163   usart.o

    ----------------------------------------------------------------------
     52562       6144       5726        456       5220     532158   Object Totals
         0          0         32          0          0          0   (incl. Generated)
         2          0          8          3          3          0   (incl. Padding)

    ----------------------------------------------------------------------

      Code (inc. data)   RO Data    RW Data    ZI Data      Debug   Library Member Name

        56         12          0          0          0        132   atof.o
        86          0          0          0          0          0   __dczerorl2.o
        64          0          0          0          0         84   _sgetc.o
        40          6         64          0          0         68   ctype_c.o
         0          0          0          0          0          0   entry.o
         0          0          0          0          0          0   entry10a.o
         0          0          0          0          0          0   entry11a.o
         8          4          0          0          0          0   entry2.o
         4          0          0          0          0          0   entry5.o
         0          0          0          0          0          0   entry7b.o
         0          0          0          0          0          0   entry8b.o
         8          4          0          0          0          0   entry9a.o
        24         12          0          4          0        136   errno.o
        30          0          0          0          0          0   handlers.o
        36          8          0          0          0         68   init.o
        10          0          0          0          0         68   isspace_c.o
         0          0          0          0          0          0   iusefp.o
        30          0          0          0          0         68   llshl.o
        32          0          0          0          0         68   llushr.o
        36          0          0          0          0         68   memcpya.o
        36          0          0          0          0        108   memseta.o
       838         12          0          0          0        216   scanf_fp.o
        24          0          0          0          0         68   strcat.o
        18          0          0          0          0         68   strcpy.o
        14          0          0          0          0         68   strlen.o
        30          0          0          0          0         80   strncmp.o
       156         12          0          0          0        120   strtod.o
        56          0          0          0          0         88   d2f.o
       222          0          0          0          0        100   ddiv.o
       186          0          0          0          0        176   depilogue.o
        24          0          0          0          0         76   dfltul.o
       228          0          0          0          0         96   dmul.o
       110          0          0          0          0        168   fepilogue.o

    ----------------------------------------------------------------------
      2414         70         66          4          0       2192   Library Totals
         8          0          2          0          0          0   (incl. Padding)

    ----------------------------------------------------------------------

      Code (inc. data)   RO Data    RW Data    ZI Data      Debug   Library Name

        56         12          0          0          0        132   m_wm.l
      1524         58         64          4          0       1356   mc_w.l
       826          0          0          0          0        704   mf_w.l

    ----------------------------------------------------------------------
      2414         70         66          4          0       2192   Library Totals

    ----------------------------------------------------------------------

==============================================================================


      Code (inc. data)   RO Data    RW Data    ZI Data      Debug   

     54976       6214       5792        460       5220     526446   Grand Totals
     54976       6214       5792        144       5220     526446   ELF Image Totals (compressed)
     54976       6214       5792        144          0          0   ROM Totals

==============================================================================

    Total RO  Size (Code + RO Data)                60768 (  59.34kB)
    Total RW  Size (RW Data + ZI Data)              5680 (   5.55kB)
    Total ROM Size (Code + RO Data + RW Data)      60912 (  59.48kB)

==============================================================================

